Archive member included to satisfy reference by file (symbol)

/home/jyko/Embedded/arm-gnu-toolchain-13.2.rel1-x86_64-arm-none-eabi/bin/../lib/gcc/arm-none-eabi/13.2.1/../../../../arm-none-eabi/lib/thumb/v7e-m+dp/hard/libc_nano.a(libc_a-exit.o)
                              /home/jyko/Embedded/arm-gnu-toolchain-13.2.rel1-x86_64-arm-none-eabi/bin/../lib/gcc/arm-none-eabi/13.2.1/../../../../arm-none-eabi/lib/thumb/v7e-m+dp/hard/crt0.o (exit)
/home/jyko/Embedded/arm-gnu-toolchain-13.2.rel1-x86_64-arm-none-eabi/bin/../lib/gcc/arm-none-eabi/13.2.1/../../../../arm-none-eabi/lib/thumb/v7e-m+dp/hard/libc_nano.a(libc_a-init.o)
                              /home/jyko/Embedded/arm-gnu-toolchain-13.2.rel1-x86_64-arm-none-eabi/bin/../lib/gcc/arm-none-eabi/13.2.1/../../../../arm-none-eabi/lib/thumb/v7e-m+dp/hard/crt0.o (__libc_init_array)
/home/jyko/Embedded/arm-gnu-toolchain-13.2.rel1-x86_64-arm-none-eabi/bin/../lib/gcc/arm-none-eabi/13.2.1/../../../../arm-none-eabi/lib/thumb/v7e-m+dp/hard/libc_nano.a(libc_a-malloc.o)
                              build/usbh_hid.o (malloc)
/home/jyko/Embedded/arm-gnu-toolchain-13.2.rel1-x86_64-arm-none-eabi/bin/../lib/gcc/arm-none-eabi/13.2.1/../../../../arm-none-eabi/lib/thumb/v7e-m+dp/hard/libc_nano.a(libc_a-mallocr.o)
                              /home/jyko/Embedded/arm-gnu-toolchain-13.2.rel1-x86_64-arm-none-eabi/bin/../lib/gcc/arm-none-eabi/13.2.1/../../../../arm-none-eabi/lib/thumb/v7e-m+dp/hard/libc_nano.a(libc_a-malloc.o) (_malloc_r)
/home/jyko/Embedded/arm-gnu-toolchain-13.2.rel1-x86_64-arm-none-eabi/bin/../lib/gcc/arm-none-eabi/13.2.1/../../../../arm-none-eabi/lib/thumb/v7e-m+dp/hard/libc_nano.a(libc_a-findfp.o)
                              /home/jyko/Embedded/arm-gnu-toolchain-13.2.rel1-x86_64-arm-none-eabi/bin/../lib/gcc/arm-none-eabi/13.2.1/../../../../arm-none-eabi/lib/thumb/v7e-m+dp/hard/libc_nano.a(libc_a-exit.o) (__stdio_exit_handler)
/home/jyko/Embedded/arm-gnu-toolchain-13.2.rel1-x86_64-arm-none-eabi/bin/../lib/gcc/arm-none-eabi/13.2.1/../../../../arm-none-eabi/lib/thumb/v7e-m+dp/hard/libc_nano.a(libc_a-sprintf.o)
                              build/main.o (sprintf)
/home/jyko/Embedded/arm-gnu-toolchain-13.2.rel1-x86_64-arm-none-eabi/bin/../lib/gcc/arm-none-eabi/13.2.1/../../../../arm-none-eabi/lib/thumb/v7e-m+dp/hard/libc_nano.a(libc_a-stdio.o)
                              /home/jyko/Embedded/arm-gnu-toolchain-13.2.rel1-x86_64-arm-none-eabi/bin/../lib/gcc/arm-none-eabi/13.2.1/../../../../arm-none-eabi/lib/thumb/v7e-m+dp/hard/libc_nano.a(libc_a-findfp.o) (__sread)
/home/jyko/Embedded/arm-gnu-toolchain-13.2.rel1-x86_64-arm-none-eabi/bin/../lib/gcc/arm-none-eabi/13.2.1/../../../../arm-none-eabi/lib/thumb/v7e-m+dp/hard/libc_nano.a(libc_a-mlock.o)
                              /home/jyko/Embedded/arm-gnu-toolchain-13.2.rel1-x86_64-arm-none-eabi/bin/../lib/gcc/arm-none-eabi/13.2.1/../../../../arm-none-eabi/lib/thumb/v7e-m+dp/hard/libc_nano.a(libc_a-mallocr.o) (__malloc_lock)
/home/jyko/Embedded/arm-gnu-toolchain-13.2.rel1-x86_64-arm-none-eabi/bin/../lib/gcc/arm-none-eabi/13.2.1/../../../../arm-none-eabi/lib/thumb/v7e-m+dp/hard/libc_nano.a(libc_a-readr.o)
                              /home/jyko/Embedded/arm-gnu-toolchain-13.2.rel1-x86_64-arm-none-eabi/bin/../lib/gcc/arm-none-eabi/13.2.1/../../../../arm-none-eabi/lib/thumb/v7e-m+dp/hard/libc_nano.a(libc_a-stdio.o) (_read_r)
/home/jyko/Embedded/arm-gnu-toolchain-13.2.rel1-x86_64-arm-none-eabi/bin/../lib/gcc/arm-none-eabi/13.2.1/../../../../arm-none-eabi/lib/thumb/v7e-m+dp/hard/libc_nano.a(libc_a-sbrkr.o)
                              /home/jyko/Embedded/arm-gnu-toolchain-13.2.rel1-x86_64-arm-none-eabi/bin/../lib/gcc/arm-none-eabi/13.2.1/../../../../arm-none-eabi/lib/thumb/v7e-m+dp/hard/libc_nano.a(libc_a-mallocr.o) (_sbrk_r)
/home/jyko/Embedded/arm-gnu-toolchain-13.2.rel1-x86_64-arm-none-eabi/bin/../lib/gcc/arm-none-eabi/13.2.1/../../../../arm-none-eabi/lib/thumb/v7e-m+dp/hard/libc_nano.a(libc_a-writer.o)
                              /home/jyko/Embedded/arm-gnu-toolchain-13.2.rel1-x86_64-arm-none-eabi/bin/../lib/gcc/arm-none-eabi/13.2.1/../../../../arm-none-eabi/lib/thumb/v7e-m+dp/hard/libc_nano.a(libc_a-stdio.o) (_write_r)
/home/jyko/Embedded/arm-gnu-toolchain-13.2.rel1-x86_64-arm-none-eabi/bin/../lib/gcc/arm-none-eabi/13.2.1/../../../../arm-none-eabi/lib/thumb/v7e-m+dp/hard/libc_nano.a(libc_a-fwalk.o)
                              /home/jyko/Embedded/arm-gnu-toolchain-13.2.rel1-x86_64-arm-none-eabi/bin/../lib/gcc/arm-none-eabi/13.2.1/../../../../arm-none-eabi/lib/thumb/v7e-m+dp/hard/libc_nano.a(libc_a-findfp.o) (_fwalk_sglue)
/home/jyko/Embedded/arm-gnu-toolchain-13.2.rel1-x86_64-arm-none-eabi/bin/../lib/gcc/arm-none-eabi/13.2.1/../../../../arm-none-eabi/lib/thumb/v7e-m+dp/hard/libc_nano.a(libc_a-memset.o)
                              /home/jyko/Embedded/arm-gnu-toolchain-13.2.rel1-x86_64-arm-none-eabi/bin/../lib/gcc/arm-none-eabi/13.2.1/../../../../arm-none-eabi/lib/thumb/v7e-m+dp/hard/crt0.o (memset)
[...]
Memory Configuration

Name             Origin             Length             Attributes
DTCMRAM          0x20000000         0x00020000         xrw
RAM_D1           0x24000000         0x00080000         xrw
RAM_D2           0x30000000         0x00048000         xrw
RAM_D3           0x38000000         0x00010000         xrw
ITCMRAM          0x00000000         0x00010000         xrw
FLASH            0x08000000         0x00200000         xr
*default*        0x00000000         0xffffffff

Linker script and memory map

LOAD /home/jyko/Embedded/arm-gnu-toolchain-13.2.rel1-x86_64-arm-none-eabi/bin/../lib/gcc/arm-none-eabi/13.2.1/thumb/v7e-m+dp/hard/crti.o
LOAD /home/jyko/Embedded/arm-gnu-toolchain-13.2.rel1-x86_64-arm-none-eabi/bin/../lib/gcc/arm-none-eabi/13.2.1/thumb/v7e-m+dp/hard/crtbegin.o
LOAD /home/jyko/Embedded/arm-gnu-toolchain-13.2.rel1-x86_64-arm-none-eabi/bin/../lib/gcc/arm-none-eabi/13.2.1/../../../../arm-none-eabi/lib/thumb/v7e-m+dp/hard/crt0.o
LOAD build/main.o
LOAD build/gpio.o
LOAD build/ltdc.o
LOAD build/rtc.o
LOAD build/dma.o
LOAD build/stm32h7xx_it.o
LOAD build/stm32h7xx_hal_msp.o
LOAD build/tda998x.o
LOAD build/hdh48_3_small.o
LOAD build/hdh48_3.o
LOAD build/teapot.o
LOAD build/dsp3D.o
LOAD build/dsp3D_LL.o
LOAD build/stm32h7xx_hal_rtc.o
LOAD build/stm32h7xx_hal_rtc_ex.o
LOAD build/stm32h7xx_hal_cortex.o
LOAD build/stm32h7xx_hal_ltdc.o
LOAD build/stm32h7xx_hal_ltdc_ex.o
LOAD build/stm32h7xx_hal_rcc.o
LOAD build/stm32h7xx_hal_rcc_ex.o
LOAD build/stm32h7xx_hal_flash.o
LOAD build/stm32h7xx_hal_flash_ex.o
LOAD build/stm32h7xx_hal_gpio.o
LOAD build/stm32h7xx_hal_hsem.o
LOAD build/stm32h7xx_hal_dma.o
LOAD build/stm32h7xx_hal_dma_ex.o
LOAD build/stm32h7xx_hal_mdma.o
LOAD build/stm32h7xx_hal_pwr.o
LOAD build/stm32h7xx_hal_pwr_ex.o
LOAD build/stm32h7xx_hal.o
LOAD build/stm32h7xx_hal_i2c.o
LOAD build/stm32h7xx_hal_i2c_ex.o
LOAD build/stm32h7xx_hal_exti.o
LOAD build/stm32h7xx_hal_tim.o
LOAD build/stm32h7xx_hal_tim_ex.o
LOAD build/system_stm32h7xx.o
LOAD build/fmc.o
LOAD build/stm32h7xx_ll_fmc.o
LOAD build/stm32h7xx_hal_sdram.o
LOAD build/dma2d.o
LOAD build/stm32h7xx_hal_dma2d.o
LOAD build/stm32h7xx_ll_usb.o
LOAD build/stm32h7xx_hal_hcd.o
LOAD build/i2c.o
LOAD build/i2s.o
LOAD build/stm32h7xx_hal_i2s.o
LOAD build/stm32h7xx_hal_i2s_ex.o
LOAD build/usbh_conf.o
LOAD build/usbh_platform.o
LOAD build/usb_host.o
LOAD build/usbh_core.o
LOAD build/usbh_ctlreq.o
LOAD build/usbh_ioreq.o
LOAD build/usbh_pipes.o
LOAD build/usbh_hid.o
LOAD build/usbh_hid_keybd.o
LOAD build/usbh_hid_mouse.o
LOAD build/usbh_hid_parser.o
LOAD build/adc.o
LOAD build/stm32h7xx_hal_adc.o
LOAD build/stm32h7xx_hal_adc_ex.o
LOAD build/startup_stm32h743xx.o
LOAD /home/jyko/Embedded/arm-gnu-toolchain-13.2.rel1-x86_64-arm-none-eabi/bin/../lib/gcc/arm-none-eabi/13.2.1/../../../../arm-none-eabi/lib/thumb/v7e-m+dp/hard/libc_nano.a
LOAD /home/jyko/Embedded/arm-gnu-toolchain-13.2.rel1-x86_64-arm-none-eabi/bin/../lib/gcc/arm-none-eabi/13.2.1/../../../../arm-none-eabi/lib/thumb/v7e-m+dp/hard/libm.a
LOAD /home/jyko/Embedded/arm-gnu-toolchain-13.2.rel1-x86_64-arm-none-eabi/bin/../lib/gcc/arm-none-eabi/13.2.1/../../../../arm-none-eabi/lib/thumb/v7e-m+dp/hard/libnosys.a
LOAD Drivers/CMSIS/Lib/GCC/libarm_cortexM7lfdp_math.a
START GROUP
LOAD /home/jyko/Embedded/arm-gnu-toolchain-13.2.rel1-x86_64-arm-none-eabi/bin/../lib/gcc/arm-none-eabi/13.2.1/thumb/v7e-m+dp/hard/libgcc.a
LOAD /home/jyko/Embedded/arm-gnu-toolchain-13.2.rel1-x86_64-arm-none-eabi/bin/../lib/gcc/arm-none-eabi/13.2.1/../../../../arm-none-eabi/lib/thumb/v7e-m+dp/hard/libc_nano.a
END GROUP
START GROUP
LOAD /home/jyko/Embedded/arm-gnu-toolchain-13.2.rel1-x86_64-arm-none-eabi/bin/../lib/gcc/arm-none-eabi/13.2.1/thumb/v7e-m+dp/hard/libgcc.a
LOAD /home/jyko/Embedded/arm-gnu-toolchain-13.2.rel1-x86_64-arm-none-eabi/bin/../lib/gcc/arm-none-eabi/13.2.1/../../../../arm-none-eabi/lib/thumb/v7e-m+dp/hard/libc_nano.a
END GROUP
LOAD /home/jyko/Embedded/arm-gnu-toolchain-13.2.rel1-x86_64-arm-none-eabi/bin/../lib/gcc/arm-none-eabi/13.2.1/thumb/v7e-m+dp/hard/crtend.o
LOAD /home/jyko/Embedded/arm-gnu-toolchain-13.2.rel1-x86_64-arm-none-eabi/bin/../lib/gcc/arm-none-eabi/13.2.1/thumb/v7e-m+dp/hard/crtn.o
                0x20020000                        _estack = 0x20020000
                0x00002024                        _Min_Heap_Size = 0x2024
                0x00002024                        _Min_Stack_Size = 0x2024

.isr_vector     0x08000000      0x298
                0x08000000                        . = ALIGN (0x4)
 *(.isr_vector)
 .isr_vector    0x08000000      0x298 build/startup_stm32h743xx.o
                0x08000000                g_pfnVectors
                0x08000298                        . = ALIGN (0x4)

.text           0x080002a0     0xcee8
                0x080002a0                        . = ALIGN (0x4)
 *(.text)
 .text          0x080002a0       0xa0 /home/jyko/Embedded/arm-gnu-toolchain-13.2.rel1-x86_64-arm-none-eabi/bin/../lib/gcc/arm-none-eabi/13.2.1/../../../../arm-none-eabi/lib/thumb/v7e-m+dp/hard/libc_nano.a(libc_a-memchr.o)
                0x080002a0                memchr
 *(.text*)
 .text.deregister_tm_clones
                0x08000340       0x1c /home/jyko/Embedded/arm-gnu-toolchain-13.2.rel1-x86_64-arm-none-eabi/bin/../lib/gcc/arm-none-eabi/13.2.1/thumb/v7e-m+dp/hard/crtbegin.o
 .text.register_tm_clones
                0x0800035c       0x24 /home/jyko/Embedded/arm-gnu-toolchain-13.2.rel1-x86_64-arm-none-eabi/bin/../lib/gcc/arm-none-eabi/13.2.1/thumb/v7e-m+dp/hard/crtbegin.o
 .text.__do_global_dtors_aux
                0x08000380       0x28 /home/jyko/Embedded/arm-gnu-toolchain-13.2.rel1-x86_64-arm-none-eabi/bin/../lib/gcc/arm-none-eabi/13.2.1/thumb/v7e-m+dp/hard/crtbegin.o
 .text.frame_dummy
                0x080003a8       0x24 /home/jyko/Embedded/arm-gnu-toolchain-13.2.rel1-x86_64-arm-none-eabi/bin/../lib/gcc/arm-none-eabi/13.2.1/thumb/v7e-m+dp/hard/crtbegin.o
 .text.SCB_EnableICache
                0x080003cc       0x30 build/main.o
 .text.SCB_EnableDCache
                0x080003fc       0x5c build/main.o
 .text._pocketmod_min
                0x08000458        0x8 build/main.o
 .text._pocketmod_max
                0x08000460        0x8 build/main.o
 .text._pocketmod_clamp_volume
                0x08000468       0x10 build/main.o
 .text._pocketmod_zero
                0x08000478       0x10 build/main.o
 .text._pocketmod_period_to_note
                0x08000488      0x1c4 build/main.o
 .text._pocketmod_sin
                0x0800064c       0x20 build/main.o
 .text._pocketmod_lfo
                0x0800066c       0x52 build/main.o
 *fill*         0x080006be        0x2 
 .text._pocketmod_update_pitch
                0x080006c0       0xc4 build/main.o
 .text._pocketmod_update_volume
                0x08000784       0x3a build/main.o
 *fill*         0x080007be        0x2 
 .text._pocketmod_pitch_slide
                0x080007c0       0x48 build/main.o
 .text._pocketmod_volume_slide
                0x08000808       0x28 build/main.o
 .text._pocketmod_next_line
                0x08000830      0x4ec build/main.o
 .text._pocketmod_next_tick
                0x08000d1c      0x2a8 build/main.o
 .text._pocketmod_render_channel
                0x08000fc4      0x1ac build/main.o
 .text._pocketmod_ident
                0x08001170      0x138 build/main.o
 .text.pocketmod_init
                0x080012a8      0x1a4 build/main.o
                0x080012a8                pocketmod_init
 .text.pocketmod_render
                0x0800144c      0x122 build/main.o
                0x0800144c                pocketmod_render
 *fill*         0x0800156e        0x2 
 .text.blitchar2
                0x08001570       0x70 build/main.o
                0x08001570                blitchar2
 .text.blitstring2
                0x080015e0       0x1e build/main.o
                0x080015e0                blitstring2
 *fill*         0x080015fe        0x2 
 .text.HAL_LTDC_ReloadEventCallback
                0x08001600        0xc build/main.o
                0x08001600                HAL_LTDC_ReloadEventCallback
 .text.USBH_HID_EventCallback
                0x0800160c       0x7c build/main.o
                0x0800160c                USBH_HID_EventCallback
 .text.clip     0x08001688       0x28 build/main.o
                0x08001688                clip
 .text.HAL_I2S_TxCpltCallback
                0x080016b0       0xa0 build/main.o
                0x080016b0                HAL_I2S_TxCpltCallback
 .text.MPU_Conf
                0x08001750       0x50 build/main.o
                0x08001750                MPU_Conf
 .text.SystemClock_Config
                0x080017a0      0x134 build/main.o
                0x080017a0                SystemClock_Config
 .text.main     0x080018d4      0x410 build/main.o
                0x080018d4                main
 .text.Error_Handler
                0x08001ce4        0x2 build/main.o
                0x08001ce4                Error_Handler
 *fill*         0x08001ce6        0x2 
 .text.MX_GPIO_Init
                0x08001ce8      0x128 build/gpio.o
                0x08001ce8                MX_GPIO_Init
 .text.MX_LTDC_Init
                0x08001e10       0xb0 build/ltdc.o
                0x08001e10                MX_LTDC_Init
 .text.HAL_LTDC_MspInit
                0x08001ec0      0x204 build/ltdc.o
                0x08001ec0                HAL_LTDC_MspInit
 .text.MX_RTC_Init
                0x080020c4       0x44 build/rtc.o
                0x080020c4                MX_RTC_Init
 .text.HAL_RTC_MspInit
                0x08002108       0x20 build/rtc.o
                0x08002108                HAL_RTC_MspInit
 .text.MX_DMA_Init
                0x08002128       0x38 build/dma.o
                0x08002128                MX_DMA_Init
 .text.NMI_Handler
                0x08002160        0x2 build/stm32h7xx_it.o
                0x08002160                NMI_Handler
 .text.HardFault_Handler
                0x08002162        0x2 build/stm32h7xx_it.o
                0x08002162                HardFault_Handler
 .text.MemManage_Handler
                0x08002164        0x2 build/stm32h7xx_it.o
                0x08002164                MemManage_Handler
 .text.BusFault_Handler
                0x08002166        0x2 build/stm32h7xx_it.o
                0x08002166                BusFault_Handler
 .text.UsageFault_Handler
                0x08002168        0x2 build/stm32h7xx_it.o
                0x08002168                UsageFault_Handler
 .text.SVC_Handler
                0x0800216a        0x2 build/stm32h7xx_it.o
                0x0800216a                SVC_Handler
 .text.DebugMon_Handler
                0x0800216c        0x2 build/stm32h7xx_it.o
                0x0800216c                DebugMon_Handler
 .text.PendSV_Handler
                0x0800216e        0x2 build/stm32h7xx_it.o
                0x0800216e                PendSV_Handler
 .text.SysTick_Handler
                0x08002170        0x8 build/stm32h7xx_it.o
                0x08002170                SysTick_Handler
 .text.DMA1_Stream0_IRQHandler
                0x08002178       0x10 build/stm32h7xx_it.o
                0x08002178                DMA1_Stream0_IRQHandler
 .text.SPI1_IRQHandler
                0x08002188       0x10 build/stm32h7xx_it.o
                0x08002188                SPI1_IRQHandler
 .text.LTDC_IRQHandler
                0x08002198       0x10 build/stm32h7xx_it.o
                0x08002198                LTDC_IRQHandler
 .text.LTDC_ER_IRQHandler
                0x080021a8       0x10 build/stm32h7xx_it.o
                0x080021a8                LTDC_ER_IRQHandler
 .text.OTG_FS_IRQHandler
                0x080021b8       0x10 build/stm32h7xx_it.o
                0x080021b8                OTG_FS_IRQHandler
 .text.HAL_MspInit
                0x080021c8       0x24 build/stm32h7xx_hal_msp.o
                0x080021c8                HAL_MspInit
 .text.w_reg    0x080021ec       0x48 build/tda998x.o
                0x080021ec                w_reg
 .text.w16_reg  0x08002234       0x64 build/tda998x.o
                0x08002234                w16_reg
 .text.r_reg    0x08002298       0x54 build/tda998x.o
                0x08002298                r_reg
 .text.s_reg    0x080022ec       0x18 build/tda998x.o
                0x080022ec                s_reg
 .text.c_reg    0x08002304       0x1c build/tda998x.o
                0x08002304                c_reg
 .text.read_edid
                0x08002320       0x40 build/tda998x.o
                0x08002320                read_edid
 .text.tda_init
                0x08002360      0x200 build/tda998x.o
                0x08002360                tda_init
 .text.dsp3D_vectorCrossProduct
                0x08002560       0x62 build/dsp3D.o
                0x08002560                dsp3D_vectorCrossProduct
 .text.dsp3D_vectorNorm
                0x080025c2       0x68 build/dsp3D.o
                0x080025c2                dsp3D_vectorNorm
 .text.dsp3D_transformVertex
                0x0800262a       0xfe build/dsp3D.o
                0x0800262a                dsp3D_transformVertex
 .text.dsp3D_generateLookAtMatrixLH
                0x08002728       0xb8 build/dsp3D.o
                0x08002728                dsp3D_generateLookAtMatrixLH
 .text.dsp3D_setCameraPosition
                0x080027e0       0x2c build/dsp3D.o
                0x080027e0                dsp3D_setCameraPosition
 .text.dsp3D_generatePerspectiveFovMatrixLH
                0x0800280c       0x82 build/dsp3D.o
                0x0800280c                dsp3D_generatePerspectiveFovMatrixLH
 .text.dsp3D_generateRotationMatrix
                0x0800288e      0x15c build/dsp3D.o
                0x0800288e                dsp3D_generateRotationMatrix
 *fill*         0x080029ea        0x2 
 .text.dsp3D_setMeshRotation
                0x080029ec       0x20 build/dsp3D.o
                0x080029ec                dsp3D_setMeshRotation
 .text.dsp3D_generateTranslationMatrix
                0x08002a0c       0x48 build/dsp3D.o
                0x08002a0c                dsp3D_generateTranslationMatrix
 .text.dsp3D_projectVertex
                0x08002a54       0x64 build/dsp3D.o
                0x08002a54                dsp3D_projectVertex
 .text.dsp3D_drawLine
                0x08002ab8       0x96 build/dsp3D.o
                0x08002ab8                dsp3D_drawLine
 *fill*         0x08002b4e        0x2 
 .text.dsp3D_setBackFaceCulling
                0x08002b50        0xc build/dsp3D.o
                0x08002b50                dsp3D_setBackFaceCulling
 .text.dsp3D_present
                0x08002b5c       0x1c build/dsp3D.o
                0x08002b5c                dsp3D_present
 .text.dsp3D_generateMatrices
                0x08002b78       0xe8 build/dsp3D.o
                0x08002b78                dsp3D_generateMatrices
 .text.dsp3D_init
                0x08002c60       0xc0 build/dsp3D.o
                0x08002c60                dsp3D_init
 .text.dsp3D_renderWireframe
                0x08002d20      0x174 build/dsp3D.o
                0x08002d20                dsp3D_renderWireframe
 .text.dsp3D_LL_init
                0x08002e94        0x2 build/dsp3D_LL.o
                0x08002e94                dsp3D_LL_init
 *fill*         0x08002e96        0x2 
 .text.dsp3D_LL_drawPointF
                0x08002e98       0x24 build/dsp3D_LL.o
                0x08002e98                dsp3D_LL_drawPointF
 .text.dsp3D_LL_clearDepthBuffer
                0x08002ebc       0x38 build/dsp3D_LL.o
                0x08002ebc                dsp3D_LL_clearDepthBuffer
 .text.HAL_RTC_WaitForSynchro
                0x08002ef4       0x32 build/stm32h7xx_hal_rtc.o
                0x08002ef4                HAL_RTC_WaitForSynchro
 .text.RTC_EnterInitMode
                0x08002f26       0x40 build/stm32h7xx_hal_rtc.o
                0x08002f26                RTC_EnterInitMode
 *fill*         0x08002f66        0x2 
 .text.RTC_ExitInitMode
                0x08002f68       0x4c build/stm32h7xx_hal_rtc.o
                0x08002f68                RTC_ExitInitMode
 .text.HAL_RTC_Init
                0x08002fb4       0x98 build/stm32h7xx_hal_rtc.o
                0x08002fb4                HAL_RTC_Init
 .text.RTC_Bcd2ToByte
                0x0800304c       0x12 build/stm32h7xx_hal_rtc.o
                0x0800304c                RTC_Bcd2ToByte
 .text.HAL_RTC_GetTime
                0x0800305e       0x4c build/stm32h7xx_hal_rtc.o
                0x0800305e                HAL_RTC_GetTime
 .text.HAL_RTC_GetDate
                0x080030aa       0x3c build/stm32h7xx_hal_rtc.o
                0x080030aa                HAL_RTC_GetDate
 *fill*         0x080030e6        0x2 
 .text.__NVIC_SetPriority
                0x080030e8       0x24 build/stm32h7xx_hal_cortex.o
 .text.NVIC_EncodePriority
                0x0800310c       0x3e build/stm32h7xx_hal_cortex.o
 *fill*         0x0800314a        0x2 
 .text.HAL_NVIC_SetPriorityGrouping
                0x0800314c       0x24 build/stm32h7xx_hal_cortex.o
                0x0800314c                HAL_NVIC_SetPriorityGrouping
 .text.HAL_NVIC_SetPriority
                0x08003170       0x20 build/stm32h7xx_hal_cortex.o
                0x08003170                HAL_NVIC_SetPriority
 .text.HAL_NVIC_EnableIRQ
                0x08003190       0x1c build/stm32h7xx_hal_cortex.o
                0x08003190                HAL_NVIC_EnableIRQ
 .text.HAL_SYSTICK_Config
                0x080031ac       0x28 build/stm32h7xx_hal_cortex.o
                0x080031ac                HAL_SYSTICK_Config
 .text.HAL_MPU_Disable
                0x080031d4       0x1c build/stm32h7xx_hal_cortex.o
                0x080031d4                HAL_MPU_Disable
 .text.HAL_MPU_Enable
                0x080031f0       0x20 build/stm32h7xx_hal_cortex.o
                0x080031f0                HAL_MPU_Enable
 .text.HAL_MPU_ConfigRegion
                0x08003210       0x60 build/stm32h7xx_hal_cortex.o
                0x08003210                HAL_MPU_ConfigRegion
 .text.LTDC_SetConfig
                0x08003270      0x1b0 build/stm32h7xx_hal_ltdc.o
 .text.HAL_LTDC_Init
                0x08003420       0xf4 build/stm32h7xx_hal_ltdc.o
                0x08003420                HAL_LTDC_Init
 .text.HAL_LTDC_ErrorCallback
                0x08003514        0x2 build/stm32h7xx_hal_ltdc.o
                0x08003514                HAL_LTDC_ErrorCallback
 .text.HAL_LTDC_LineEventCallback
                0x08003516        0x2 build/stm32h7xx_hal_ltdc.o
                0x08003516                HAL_LTDC_LineEventCallback
 .text.HAL_LTDC_IRQHandler
                0x08003518       0xda build/stm32h7xx_hal_ltdc.o
                0x08003518                HAL_LTDC_IRQHandler
 .text.HAL_LTDC_ConfigLayer
                0x080035f2       0x68 build/stm32h7xx_hal_ltdc.o
                0x080035f2                HAL_LTDC_ConfigLayer
 .text.HAL_LTDC_ConfigCLUT
                0x0800365a       0x82 build/stm32h7xx_hal_ltdc.o
                0x0800365a                HAL_LTDC_ConfigCLUT
 .text.HAL_LTDC_EnableCLUT
                0x080036dc       0x3c build/stm32h7xx_hal_ltdc.o
                0x080036dc                HAL_LTDC_EnableCLUT
 .text.HAL_LTDC_DisableDither
                0x08003718       0x34 build/stm32h7xx_hal_ltdc.o
                0x08003718                HAL_LTDC_DisableDither
 .text.HAL_LTDC_Reload
                0x0800374c       0x3a build/stm32h7xx_hal_ltdc.o
                0x0800374c                HAL_LTDC_Reload
 .text.HAL_LTDC_SetAddress_NoReload
                0x08003786       0x3e build/stm32h7xx_hal_ltdc.o
                0x08003786                HAL_LTDC_SetAddress_NoReload
 .text.HAL_RCC_OscConfig
                0x080037c4      0x648 build/stm32h7xx_hal_rcc.o
                0x080037c4                HAL_RCC_OscConfig
 .text.HAL_RCC_GetSysClockFreq
                0x08003e0c      0x1f4 build/stm32h7xx_hal_rcc.o
                0x08003e0c                HAL_RCC_GetSysClockFreq
 .text.HAL_RCC_ClockConfig
                0x08004000      0x294 build/stm32h7xx_hal_rcc.o
                0x08004000                HAL_RCC_ClockConfig
 .text.HAL_RCC_GetHCLKFreq
                0x08004294       0x44 build/stm32h7xx_hal_rcc.o
                0x08004294                HAL_RCC_GetHCLKFreq
 .text.RCCEx_PLL2_Config
                0x080042d8      0x10c build/stm32h7xx_hal_rcc_ex.o
 .text.RCCEx_PLL3_Config
                0x080043e4      0x10c build/stm32h7xx_hal_rcc_ex.o
 .text.HAL_RCCEx_PeriphCLKConfig
                0x080044f0      0x9a8 build/stm32h7xx_hal_rcc_ex.o
                0x080044f0                HAL_RCCEx_PeriphCLKConfig
 .text.HAL_RCCEx_GetD3PCLK1Freq
                0x08004e98       0x24 build/stm32h7xx_hal_rcc_ex.o
                0x08004e98                HAL_RCCEx_GetD3PCLK1Freq
 .text.HAL_RCCEx_GetPLL2ClockFreq
                0x08004ebc      0x1fc build/stm32h7xx_hal_rcc_ex.o
                0x08004ebc                HAL_RCCEx_GetPLL2ClockFreq
 .text.HAL_RCCEx_GetPLL3ClockFreq
                0x080050b8      0x1fc build/stm32h7xx_hal_rcc_ex.o
                0x080050b8                HAL_RCCEx_GetPLL3ClockFreq
 .text.HAL_RCCEx_GetPLL1ClockFreq
                0x080052b4      0x1fc build/stm32h7xx_hal_rcc_ex.o
                0x080052b4                HAL_RCCEx_GetPLL1ClockFreq
 .text.HAL_RCCEx_GetPeriphCLKFreq
                0x080054b0      0x380 build/stm32h7xx_hal_rcc_ex.o
                0x080054b0                HAL_RCCEx_GetPeriphCLKFreq
 .text.HAL_GPIO_Init
                0x08005830      0x1fc build/stm32h7xx_hal_gpio.o
                0x08005830                HAL_GPIO_Init
 .text.HAL_GPIO_WritePin
                0x08005a2c        0xc build/stm32h7xx_hal_gpio.o
                0x08005a2c                HAL_GPIO_WritePin
 .text.DMA_CalcBaseAndBitshift
                0x08005a38       0xb4 build/stm32h7xx_hal_dma.o
 .text.DMA_CheckFifoParam
                0x08005aec       0x92 build/stm32h7xx_hal_dma.o
 *fill*         0x08005b7e        0x2 
 .text.DMA_CalcDMAMUXChannelBaseAndMask
                0x08005b80       0xac build/stm32h7xx_hal_dma.o
 .text.DMA_CalcDMAMUXRequestGenBaseAndMask
                0x08005c2c       0x7c build/stm32h7xx_hal_dma.o
 .text.HAL_DMA_Init
                0x08005ca8      0x3a4 build/stm32h7xx_hal_dma.o
                0x08005ca8                HAL_DMA_Init
 .text.HAL_DMA_IRQHandler
                0x0800604c      0x738 build/stm32h7xx_hal_dma.o
                0x0800604c                HAL_DMA_IRQHandler
 .text.HAL_PWREx_ConfigSupply
                0x08006784       0x54 build/stm32h7xx_hal_pwr_ex.o
                0x08006784                HAL_PWREx_ConfigSupply
 .text.HAL_PWREx_EnableUSBVoltageDetector
                0x080067d8       0x10 build/stm32h7xx_hal_pwr_ex.o
                0x080067d8                HAL_PWREx_EnableUSBVoltageDetector
 .text.HAL_InitTick
                0x080067e8       0x50 build/stm32h7xx_hal.o
                0x080067e8                HAL_InitTick
 .text.HAL_Init
                0x08006838       0x5c build/stm32h7xx_hal.o
                0x08006838                HAL_Init
 .text.HAL_IncTick
                0x08006894       0x18 build/stm32h7xx_hal.o
                0x08006894                HAL_IncTick
 .text.HAL_GetTick
                0x080068ac        0xc build/stm32h7xx_hal.o
                0x080068ac                HAL_GetTick
 .text.HAL_Delay
                0x080068b8       0x28 build/stm32h7xx_hal.o
                0x080068b8                HAL_Delay
 .text.HAL_GetREVID
                0x080068e0        0xc build/stm32h7xx_hal.o
                0x080068e0                HAL_GetREVID
 .text.I2C_Flush_TXDR
                0x080068ec       0x22 build/stm32h7xx_hal_i2c.o
 .text.I2C_TransferConfig
                0x0800690e       0x38 build/stm32h7xx_hal_i2c.o
 .text.I2C_IsAcknowledgeFailed
                0x08006946       0x90 build/stm32h7xx_hal_i2c.o
 .text.I2C_WaitOnTXISFlagUntilTimeout
                0x080069d6       0x56 build/stm32h7xx_hal_i2c.o
 .text.I2C_WaitOnFlagUntilTimeout
                0x08006a2c       0x56 build/stm32h7xx_hal_i2c.o
 *fill*         0x08006a82        0x2 
 .text.I2C_RequestMemoryRead
                0x08006a84       0x78 build/stm32h7xx_hal_i2c.o
 .text.I2C_WaitOnSTOPFlagUntilTimeout
                0x08006afc       0x50 build/stm32h7xx_hal_i2c.o
 .text.I2C_WaitOnRXNEFlagUntilTimeout
                0x08006b4c       0x98 build/stm32h7xx_hal_i2c.o
 .text.HAL_I2C_Init
                0x08006be4       0xbc build/stm32h7xx_hal_i2c.o
                0x08006be4                HAL_I2C_Init
 .text.HAL_I2C_Master_Transmit
                0x08006ca0      0x17c build/stm32h7xx_hal_i2c.o
                0x08006ca0                HAL_I2C_Master_Transmit
 .text.HAL_I2C_Master_Receive
                0x08006e1c      0x17c build/stm32h7xx_hal_i2c.o
                0x08006e1c                HAL_I2C_Master_Receive
 .text.HAL_I2C_Mem_Read
                0x08006f98      0x1b0 build/stm32h7xx_hal_i2c.o
                0x08006f98                HAL_I2C_Mem_Read
 .text.HAL_I2CEx_ConfigAnalogFilter
                0x08007148       0x5c build/stm32h7xx_hal_i2c_ex.o
                0x08007148                HAL_I2CEx_ConfigAnalogFilter
 .text.HAL_I2CEx_ConfigDigitalFilter
                0x080071a4       0x58 build/stm32h7xx_hal_i2c_ex.o
                0x080071a4                HAL_I2CEx_ConfigDigitalFilter
 .text.SystemInit
                0x080071fc       0xd4 build/system_stm32h7xx.o
                0x080071fc                SystemInit
 .text.HAL_FMC_MspInit
                0x080072d0       0xe0 build/fmc.o
 .text.MX_FMC_Init
                0x080073b0       0xec build/fmc.o
                0x080073b0                MX_FMC_Init
 .text.HAL_SDRAM_MspInit
                0x0800749c        0x8 build/fmc.o
                0x0800749c                HAL_SDRAM_MspInit
 .text.FMC_SDRAM_Init
                0x080074a4       0x74 build/stm32h7xx_ll_fmc.o
                0x080074a4                FMC_SDRAM_Init
 .text.FMC_SDRAM_Timing_Init
                0x08007518       0xa8 build/stm32h7xx_ll_fmc.o
                0x08007518                FMC_SDRAM_Timing_Init
 .text.FMC_SDRAM_SendCommand
                0x080075c0       0x26 build/stm32h7xx_ll_fmc.o
                0x080075c0                FMC_SDRAM_SendCommand
 *fill*         0x080075e6        0x2 
 .text.FMC_SDRAM_ProgramRefreshRate
                0x080075e8       0x14 build/stm32h7xx_ll_fmc.o
                0x080075e8                FMC_SDRAM_ProgramRefreshRate
 .text.HAL_SDRAM_Init
                0x080075fc       0x50 build/stm32h7xx_hal_sdram.o
                0x080075fc                HAL_SDRAM_Init
 .text.HAL_SDRAM_SendCommand
                0x0800764c       0x42 build/stm32h7xx_hal_sdram.o
                0x0800764c                HAL_SDRAM_SendCommand
 .text.HAL_SDRAM_ProgramRefreshRate
                0x0800768e       0x32 build/stm32h7xx_hal_sdram.o
                0x0800768e                HAL_SDRAM_ProgramRefreshRate
 .text.MX_DMA2D_Init
                0x080076c0       0x4c build/dma2d.o
                0x080076c0                MX_DMA2D_Init
 .text.HAL_DMA2D_MspInit
                0x0800770c       0x34 build/dma2d.o
                0x0800770c                HAL_DMA2D_MspInit
 .text.DMA2D_SetConfig
                0x08007740       0x9e build/stm32h7xx_hal_dma2d.o
 *fill*         0x080077de        0x2 
 .text.HAL_DMA2D_Init
                0x080077e0       0x84 build/stm32h7xx_hal_dma2d.o
                0x080077e0                HAL_DMA2D_Init
 .text.HAL_DMA2D_Start
                0x08007864       0x38 build/stm32h7xx_hal_dma2d.o
                0x08007864                HAL_DMA2D_Start
 .text.HAL_DMA2D_PollForTransfer
                0x0800789c      0x13e build/stm32h7xx_hal_dma2d.o
                0x0800789c                HAL_DMA2D_PollForTransfer
 *fill*         0x080079da        0x2 
 .text.HAL_DMA2D_ConfigLayer
                0x080079dc      0x104 build/stm32h7xx_hal_dma2d.o
                0x080079dc                HAL_DMA2D_ConfigLayer
 .text.USB_CoreReset
                0x08007ae0       0x3c build/stm32h7xx_ll_usb.o
 .text.USB_CoreInit
                0x08007b1c       0x8c build/stm32h7xx_ll_usb.o
                0x08007b1c                USB_CoreInit
 .text.USB_EnableGlobalInt
                0x08007ba8        0xc build/stm32h7xx_ll_usb.o
                0x08007ba8                USB_EnableGlobalInt
 .text.USB_DisableGlobalInt
                0x08007bb4        0xc build/stm32h7xx_ll_usb.o
                0x08007bb4                USB_DisableGlobalInt
 .text.USB_SetCurrentMode
                0x08007bc0       0x30 build/stm32h7xx_ll_usb.o
                0x08007bc0                USB_SetCurrentMode
 .text.USB_FlushTxFifo
                0x08007bf0       0x28 build/stm32h7xx_ll_usb.o
                0x08007bf0                USB_FlushTxFifo
 .text.USB_FlushRxFifo
                0x08007c18       0x24 build/stm32h7xx_ll_usb.o
                0x08007c18                USB_FlushRxFifo
 .text.USB_WritePacket
                0x08007c3c       0x2e build/stm32h7xx_ll_usb.o
                0x08007c3c                USB_WritePacket
 .text.USB_ReadPacket
                0x08007c6a       0x1e build/stm32h7xx_ll_usb.o
                0x08007c6a                USB_ReadPacket
 .text.USB_ReadInterrupts
                0x08007c88        0x8 build/stm32h7xx_ll_usb.o
                0x08007c88                USB_ReadInterrupts
 .text.USB_GetMode
                0x08007c90        0x8 build/stm32h7xx_ll_usb.o
                0x08007c90                USB_GetMode
 .text.USB_InitFSLSPClkSel
                0x08007c98       0x3e build/stm32h7xx_ll_usb.o
                0x08007c98                USB_InitFSLSPClkSel
 .text.USB_ResetPort
                0x08007cd6       0x3e build/stm32h7xx_ll_usb.o
                0x08007cd6                USB_ResetPort
 .text.USB_DriveVbus
                0x08007d14       0x46 build/stm32h7xx_ll_usb.o
                0x08007d14                USB_DriveVbus
 *fill*         0x08007d5a        0x2 
 .text.USB_HostInit
                0x08007d5c       0xf4 build/stm32h7xx_ll_usb.o
                0x08007d5c                USB_HostInit
 .text.USB_GetHostSpeed
                0x08007e50       0x16 build/stm32h7xx_ll_usb.o
                0x08007e50                USB_GetHostSpeed
 .text.USB_GetCurrentFrame
                0x08007e66        0xa build/stm32h7xx_ll_usb.o
                0x08007e66                USB_GetCurrentFrame
 .text.USB_HC_Init
                0x08007e70      0x108 build/stm32h7xx_ll_usb.o
                0x08007e70                USB_HC_Init
 .text.USB_HC_ReadInterrupt
                0x08007f78        0xa build/stm32h7xx_ll_usb.o
                0x08007f78                USB_HC_ReadInterrupt
 .text.USB_HC_Halt
                0x08007f82       0xd8 build/stm32h7xx_ll_usb.o
                0x08007f82                USB_HC_Halt
 *fill*         0x0800805a        0x2 
 .text.USB_DoPing
                0x0800805c       0x24 build/stm32h7xx_ll_usb.o
                0x0800805c                USB_DoPing
 .text.USB_HC_StartXfer
                0x08008080      0x164 build/stm32h7xx_ll_usb.o
                0x08008080                USB_HC_StartXfer
 .text.USB_StopHost
                0x080081e4       0x7c build/stm32h7xx_ll_usb.o
                0x080081e4                USB_StopHost
 .text.HCD_RXQLVL_IRQHandler
                0x08008260       0x8c build/stm32h7xx_hal_hcd.o
 .text.HAL_HCD_HC_Init
                0x080082ec       0x96 build/stm32h7xx_hal_hcd.o
                0x080082ec                HAL_HCD_HC_Init
 .text.HAL_HCD_HC_Halt
                0x08008382       0x24 build/stm32h7xx_hal_hcd.o
                0x08008382                HAL_HCD_HC_Halt
 .text.HAL_HCD_Init
                0x080083a6       0xa4 build/stm32h7xx_hal_hcd.o
                0x080083a6                HAL_HCD_Init
 .text.HAL_HCD_HC_SubmitRequest
                0x0800844a      0x194 build/stm32h7xx_hal_hcd.o
                0x0800844a                HAL_HCD_HC_SubmitRequest
 .text.HCD_Port_IRQHandler
                0x080085de       0xb0 build/stm32h7xx_hal_hcd.o
 .text.HCD_HC_IN_IRQHandler
                0x0800868e      0x332 build/stm32h7xx_hal_hcd.o
 .text.HCD_HC_OUT_IRQHandler
                0x080089c0      0x2ae build/stm32h7xx_hal_hcd.o
 .text.HAL_HCD_IRQHandler
                0x08008c6e      0x146 build/stm32h7xx_hal_hcd.o
                0x08008c6e                HAL_HCD_IRQHandler
 .text.HAL_HCD_Start
                0x08008db4       0x2c build/stm32h7xx_hal_hcd.o
                0x08008db4                HAL_HCD_Start
 .text.HAL_HCD_Stop
                0x08008de0       0x24 build/stm32h7xx_hal_hcd.o
                0x08008de0                HAL_HCD_Stop
 .text.HAL_HCD_ResetPort
                0x08008e04        0xa build/stm32h7xx_hal_hcd.o
                0x08008e04                HAL_HCD_ResetPort
 .text.HAL_HCD_HC_GetURBState
                0x08008e0e        0xe build/stm32h7xx_hal_hcd.o
                0x08008e0e                HAL_HCD_HC_GetURBState
 .text.HAL_HCD_HC_GetXferCount
                0x08008e1c        0xc build/stm32h7xx_hal_hcd.o
                0x08008e1c                HAL_HCD_HC_GetXferCount
 .text.HAL_HCD_GetCurrentFrame
                0x08008e28        0xa build/stm32h7xx_hal_hcd.o
                0x08008e28                HAL_HCD_GetCurrentFrame
 .text.HAL_HCD_GetCurrentSpeed
                0x08008e32        0xa build/stm32h7xx_hal_hcd.o
                0x08008e32                HAL_HCD_GetCurrentSpeed
 .text.MX_I2C1_Init
                0x08008e3c       0x60 build/i2c.o
                0x08008e3c                MX_I2C1_Init
 .text.HAL_I2C_MspInit
                0x08008e9c       0x70 build/i2c.o
                0x08008e9c                HAL_I2C_MspInit
 .text.MX_I2S1_Init
                0x08008f0c       0x3c build/i2s.o
                0x08008f0c                MX_I2S1_Init
 .text.HAL_I2S_MspInit
                0x08008f48      0x134 build/i2s.o
                0x08008f48                HAL_I2S_MspInit
 .text.HAL_I2S_Init
                0x0800907c      0x178 build/stm32h7xx_hal_i2s.o
                0x0800907c                HAL_I2S_Init
 .text.HAL_I2S_Transmit_IT
                0x080091f4       0xb0 build/stm32h7xx_hal_i2s.o
                0x080091f4                HAL_I2S_Transmit_IT
 .text.I2S_Transmit_16Bit_IT
                0x080092a4       0x40 build/stm32h7xx_hal_i2s.o
 .text.I2S_Transmit_32Bit_IT
                0x080092e4       0x40 build/stm32h7xx_hal_i2s.o
 .text.HAL_I2S_ErrorCallback
                0x08009324        0x2 build/stm32h7xx_hal_i2s.o
                0x08009324                HAL_I2S_ErrorCallback
 *fill*         0x08009326        0x2 
 .text.HAL_I2S_IRQHandler
                0x08009328      0x140 build/stm32h7xx_hal_i2s.o
                0x08009328                HAL_I2S_IRQHandler
 .text.HAL_HCD_MspInit
                0x08009468       0x98 build/usbh_conf.o
                0x08009468                HAL_HCD_MspInit
 .text.HAL_HCD_SOF_Callback
                0x08009500        0xc build/usbh_conf.o
                0x08009500                HAL_HCD_SOF_Callback
 .text.HAL_HCD_Connect_Callback
                0x0800950c        0xc build/usbh_conf.o
                0x0800950c                HAL_HCD_Connect_Callback
 .text.HAL_HCD_Disconnect_Callback
                0x08009518        0xc build/usbh_conf.o
                0x08009518                HAL_HCD_Disconnect_Callback
 .text.HAL_HCD_HC_NotifyURBChange_Callback
                0x08009524        0x2 build/usbh_conf.o
                0x08009524                HAL_HCD_HC_NotifyURBChange_Callback
 .text.HAL_HCD_PortEnabled_Callback
                0x08009526        0xc build/usbh_conf.o
                0x08009526                HAL_HCD_PortEnabled_Callback
 .text.HAL_HCD_PortDisabled_Callback
                0x08009532        0xc build/usbh_conf.o
                0x08009532                HAL_HCD_PortDisabled_Callback
 *fill*         0x0800953e        0x2 
 .text.USBH_LL_Init
                0x08009540       0x58 build/usbh_conf.o
                0x08009540                USBH_LL_Init
 .text.USBH_LL_GetSpeed
                0x08009598       0x20 build/usbh_conf.o
                0x08009598                USBH_LL_GetSpeed
 .text.USBH_LL_GetLastXferSize
                0x080095b8        0xc build/usbh_conf.o
                0x080095b8                USBH_LL_GetLastXferSize
 .text.USBH_LL_GetURBState
                0x080095c4        0xc build/usbh_conf.o
                0x080095c4                USBH_LL_GetURBState
 .text.USBH_LL_DriverVBUS
                0x080095d0       0x1c build/usbh_conf.o
                0x080095d0                USBH_LL_DriverVBUS
 .text.USBH_LL_SetToggle
                0x080095ec       0x30 build/usbh_conf.o
                0x080095ec                USBH_LL_SetToggle
 .text.USBH_Delay
                0x0800961c        0x8 build/usbh_conf.o
                0x0800961c                USBH_Delay
 .text.USBH_Get_USB_Status
                0x08009624       0x14 build/usbh_conf.o
                0x08009624                USBH_Get_USB_Status
 .text.USBH_LL_Start
                0x08009638       0x10 build/usbh_conf.o
                0x08009638                USBH_LL_Start
 .text.USBH_LL_Stop
                0x08009648       0x10 build/usbh_conf.o
                0x08009648                USBH_LL_Stop
 .text.USBH_LL_ResetPort
                0x08009658       0x10 build/usbh_conf.o
                0x08009658                USBH_LL_ResetPort
 .text.USBH_LL_OpenPipe
                0x08009668       0x26 build/usbh_conf.o
                0x08009668                USBH_LL_OpenPipe
 .text.USBH_LL_ClosePipe
                0x0800968e       0x10 build/usbh_conf.o
                0x0800968e                USBH_LL_ClosePipe
 .text.USBH_LL_SubmitURB
                0x0800969e       0x2a build/usbh_conf.o
                0x0800969e                USBH_LL_SubmitURB
 .text.MX_DriverVbusFS
                0x080096c8       0x18 build/usbh_platform.o
                0x080096c8                MX_DriverVbusFS
 .text.USBH_UserProcess
                0x080096e0       0x2c build/usb_host.o
 .text.MX_USB_HOST_Init
                0x0800970c       0x40 build/usb_host.o
                0x0800970c                MX_USB_HOST_Init
 .text.MX_USB_HOST_Process
                0x0800974c       0x10 build/usb_host.o
                0x0800974c                MX_USB_HOST_Process
 .text.DeInitStateMachine
                0x0800975c       0x62 build/usbh_core.o
 .text.USBH_HandleSof
                0x080097be       0x1a build/usbh_core.o
 .text.USBH_HandleEnum
                0x080097d8      0x26e build/usbh_core.o
 .text.USBH_Init
                0x08009a46       0x3e build/usbh_core.o
                0x08009a46                USBH_Init
 .text.USBH_RegisterClass
                0x08009a84       0x22 build/usbh_core.o
                0x08009a84                USBH_RegisterClass
 .text.USBH_SelectInterface
                0x08009aa6       0x14 build/usbh_core.o
                0x08009aa6                USBH_SelectInterface
 .text.USBH_FindInterface
                0x08009aba       0x54 build/usbh_core.o
                0x08009aba                USBH_FindInterface
 .text.USBH_Start
                0x08009b0e       0x14 build/usbh_core.o
                0x08009b0e                USBH_Start
 .text.USBH_Process
                0x08009b22      0x276 build/usbh_core.o
                0x08009b22                USBH_Process
 .text.USBH_LL_SetTimer
                0x08009d98        0x6 build/usbh_core.o
                0x08009d98                USBH_LL_SetTimer
 .text.USBH_LL_IncTimer
                0x08009d9e       0x12 build/usbh_core.o
                0x08009d9e                USBH_LL_IncTimer
 .text.USBH_LL_PortEnabled
                0x08009db0        0x8 build/usbh_core.o
                0x08009db0                USBH_LL_PortEnabled
 .text.USBH_LL_PortDisabled
                0x08009db8        0x8 build/usbh_core.o
                0x08009db8                USBH_LL_PortDisabled
 .text.USBH_LL_Connect
                0x08009dc0       0x14 build/usbh_core.o
                0x08009dc0                USBH_LL_Connect
 .text.USBH_LL_Disconnect
                0x08009dd4       0x2c build/usbh_core.o
                0x08009dd4                USBH_LL_Disconnect
 .text.USBH_ParseDevDesc
                0x08009e00       0x58 build/usbh_ctlreq.o
 .text.USBH_ParseInterfaceDesc
                0x08009e58       0x26 build/usbh_ctlreq.o
 .text.USBH_ParseEPDesc
                0x08009e7e       0x20 build/usbh_ctlreq.o
 .text.USBH_ParseStringDesc
                0x08009e9e       0x32 build/usbh_ctlreq.o
 .text.USBH_HandleControl
                0x08009ed0      0x1da build/usbh_ctlreq.o
 .text.USBH_GetNextDesc
                0x0800a0aa        0xe build/usbh_ctlreq.o
                0x0800a0aa                USBH_GetNextDesc
 .text.USBH_ParseCfgDesc
                0x0800a0b8       0xc2 build/usbh_ctlreq.o
 .text.USBH_CtlReq
                0x0800a17a       0x42 build/usbh_ctlreq.o
                0x0800a17a                USBH_CtlReq
 .text.USBH_GetDescriptor
                0x0800a1bc       0x42 build/usbh_ctlreq.o
                0x0800a1bc                USBH_GetDescriptor
 .text.USBH_Get_DevDesc
                0x0800a1fe       0x32 build/usbh_ctlreq.o
                0x0800a1fe                USBH_Get_DevDesc
 .text.USBH_Get_CfgDesc
                0x0800a230       0x32 build/usbh_ctlreq.o
                0x0800a230                USBH_Get_CfgDesc
 .text.USBH_Get_StringDesc
                0x0800a262       0x30 build/usbh_ctlreq.o
                0x0800a262                USBH_Get_StringDesc
 .text.USBH_SetAddress
                0x0800a292       0x22 build/usbh_ctlreq.o
                0x0800a292                USBH_SetAddress
 .text.USBH_SetCfg
                0x0800a2b4       0x22 build/usbh_ctlreq.o
                0x0800a2b4                USBH_SetCfg
 .text.USBH_SetFeature
                0x0800a2d6       0x22 build/usbh_ctlreq.o
                0x0800a2d6                USBH_SetFeature
 .text.USBH_ClrFeature
                0x0800a2f8       0x24 build/usbh_ctlreq.o
                0x0800a2f8                USBH_ClrFeature
 .text.USBH_CtlSendSetup
                0x0800a31c       0x22 build/usbh_ioreq.o
                0x0800a31c                USBH_CtlSendSetup
 .text.USBH_CtlSendData
                0x0800a33e       0x2c build/usbh_ioreq.o
                0x0800a33e                USBH_CtlSendData
 .text.USBH_CtlReceiveData
                0x0800a36a       0x20 build/usbh_ioreq.o
                0x0800a36a                USBH_CtlReceiveData
 .text.USBH_InterruptReceiveData
                0x0800a38a       0x20 build/usbh_ioreq.o
                0x0800a38a                USBH_InterruptReceiveData
 .text.USBH_GetFreePipe
                0x0800a3aa       0x26 build/usbh_pipes.o
 .text.USBH_OpenPipe
                0x0800a3d0       0x20 build/usbh_pipes.o
                0x0800a3d0                USBH_OpenPipe
 .text.USBH_ClosePipe
                0x0800a3f0        0xa build/usbh_pipes.o
                0x0800a3f0                USBH_ClosePipe
 .text.USBH_AllocPipe
                0x0800a3fa       0x26 build/usbh_pipes.o
                0x0800a3fa                USBH_AllocPipe
 .text.USBH_FreePipe
                0x0800a420       0x16 build/usbh_pipes.o
                0x0800a420                USBH_FreePipe
 .text.USBH_HID_SOFProcess
                0x0800a436       0x24 build/usbh_hid.o
 .text.USBH_HID_ParseHIDDesc
                0x0800a45a       0x5c build/usbh_hid.o
 .text.USBH_HID_InterfaceDeInit
                0x0800a4b6       0x50 build/usbh_hid.o
 *fill*         0x0800a506        0x2 
 .text.USBH_HID_InterfaceInit
                0x0800a508      0x154 build/usbh_hid.o
 .text.USBH_HID_GetHIDReportDescriptor
                0x0800a65c       0x1a build/usbh_hid.o
                0x0800a65c                USBH_HID_GetHIDReportDescriptor
 .text.USBH_HID_SetIdle
                0x0800a676       0x26 build/usbh_hid.o
                0x0800a676                USBH_HID_SetIdle
 .text.USBH_HID_GetReport
                0x0800a69c       0x2e build/usbh_hid.o
                0x0800a69c                USBH_HID_GetReport
 .text.USBH_HID_SetProtocol
                0x0800a6ca       0x24 build/usbh_hid.o
                0x0800a6ca                USBH_HID_SetProtocol
 .text.USBH_HID_ClassRequest
                0x0800a6ee       0x94 build/usbh_hid.o
 .text.USBH_HID_GetDeviceType
                0x0800a782       0x2e build/usbh_hid.o
                0x0800a782                USBH_HID_GetDeviceType
 .text.USBH_HID_FifoInit
                0x0800a7b0        0xe build/usbh_hid.o
                0x0800a7b0                USBH_HID_FifoInit
 .text.USBH_HID_FifoRead
                0x0800a7be       0x6a build/usbh_hid.o
                0x0800a7be                USBH_HID_FifoRead
 .text.USBH_HID_FifoWrite
                0x0800a828       0x6e build/usbh_hid.o
                0x0800a828                USBH_HID_FifoWrite
 .text.USBH_HID_Process
                0x0800a896       0xfa build/usbh_hid.o
 .text.USBH_HID_KeybdInit
                0x0800a990       0x60 build/usbh_hid_keybd.o
                0x0800a990                USBH_HID_KeybdInit
 .text.USBH_HID_MouseDecode
                0x0800a9f0       0x78 build/usbh_hid_mouse.o
 .text.USBH_HID_MouseInit
                0x0800aa68       0x58 build/usbh_hid_mouse.o
                0x0800aa68                USBH_HID_MouseInit
 .text.USBH_HID_GetMouseInfo
                0x0800aac0       0x14 build/usbh_hid_mouse.o
                0x0800aac0                USBH_HID_GetMouseInfo
 .text.HID_ReadItem
                0x0800aad4       0xac build/usbh_hid_parser.o
                0x0800aad4                HID_ReadItem
 .text.MX_ADC3_Init
                0x0800ab80       0x8c build/adc.o
                0x0800ab80                MX_ADC3_Init
 .text.HAL_ADC_MspInit
                0x0800ac0c       0x30 build/adc.o
                0x0800ac0c                HAL_ADC_MspInit
 .text.LL_ADC_REG_SetSequencerRanks
                0x0800ac3c       0x30 build/stm32h7xx_hal_adc.o
 .text.LL_ADC_SetChannelSamplingTime
                0x0800ac6c       0x2c build/stm32h7xx_hal_adc.o
 .text.HAL_ADC_ConfigChannel
                0x0800ac98      0x454 build/stm32h7xx_hal_adc.o
                0x0800ac98                HAL_ADC_ConfigChannel
 .text.ADC_Disable
                0x0800b0ec       0x8c build/stm32h7xx_hal_adc.o
                0x0800b0ec                ADC_Disable
 .text.ADC_ConfigureBoostMode
                0x0800b178      0x164 build/stm32h7xx_hal_adc.o
                0x0800b178                ADC_ConfigureBoostMode
 .text.HAL_ADC_Init
                0x0800b2dc      0x254 build/stm32h7xx_hal_adc.o
                0x0800b2dc                HAL_ADC_Init
 .text.HAL_ADCEx_Calibration_Start
                0x0800b530       0xa8 build/stm32h7xx_hal_adc_ex.o
                0x0800b530                HAL_ADCEx_Calibration_Start
 .text.Reset_Handler
                0x0800b5d8       0x50 build/startup_stm32h743xx.o
                0x0800b5d8                Reset_Handler
 .text.Default_Handler
                0x0800b628        0x2 build/startup_stm32h743xx.o
                0x0800b628                RTC_Alarm_IRQHandler
                0x0800b628                EXTI2_IRQHandler
                0x0800b628                TIM8_CC_IRQHandler
                0x0800b628                HRTIM1_Master_IRQHandler
                0x0800b628                UART8_IRQHandler
                0x0800b628                SPI4_IRQHandler
                0x0800b628                TIM1_CC_IRQHandler
                0x0800b628                BDMA_Channel6_IRQHandler
                0x0800b628                DMA2_Stream5_IRQHandler
                0x0800b628                HRTIM1_FLT_IRQHandler
                0x0800b628                JPEG_IRQHandler
                0x0800b628                DMA1_Stream5_IRQHandler
                0x0800b628                BDMA_Channel1_IRQHandler
                0x0800b628                HRTIM1_TIMD_IRQHandler
                0x0800b628                TAMP_STAMP_IRQHandler
                0x0800b628                EXTI3_IRQHandler
                0x0800b628                LPTIM4_IRQHandler
                0x0800b628                TIM8_TRG_COM_TIM14_IRQHandler
                0x0800b628                LPTIM2_IRQHandler
                0x0800b628                DFSDM1_FLT1_IRQHandler
                0x0800b628                DMAMUX2_OVR_IRQHandler
                0x0800b628                TIM8_UP_TIM13_IRQHandler
                0x0800b628                I2C3_ER_IRQHandler
                0x0800b628                DFSDM1_FLT2_IRQHandler
                0x0800b628                MDMA_IRQHandler
                0x0800b628                LPTIM3_IRQHandler
                0x0800b628                HSEM1_IRQHandler
                0x0800b628                EXTI0_IRQHandler
                0x0800b628                I2C2_EV_IRQHandler
                0x0800b628                DMA1_Stream2_IRQHandler
                0x0800b628                FPU_IRQHandler
                0x0800b628                OTG_HS_WKUP_IRQHandler
                0x0800b628                FDCAN1_IT1_IRQHandler
                0x0800b628                DMA2_Stream2_IRQHandler
                0x0800b628                HRTIM1_TIME_IRQHandler
                0x0800b628                TIM6_DAC_IRQHandler
                0x0800b628                DCMI_IRQHandler
                0x0800b628                HRTIM1_TIMC_IRQHandler
                0x0800b628                DMA2_Stream3_IRQHandler
                0x0800b628                SAI2_IRQHandler
                0x0800b628                DFSDM1_FLT3_IRQHandler
                0x0800b628                USART6_IRQHandler
                0x0800b628                TIM17_IRQHandler
                0x0800b628                USART3_IRQHandler
                0x0800b628                BDMA_Channel7_IRQHandler
                0x0800b628                LPTIM5_IRQHandler
                0x0800b628                UART5_IRQHandler
                0x0800b628                ADC3_IRQHandler
                0x0800b628                DMA2_Stream0_IRQHandler
                0x0800b628                TIM4_IRQHandler
                0x0800b628                BDMA_Channel2_IRQHandler
                0x0800b628                QUADSPI_IRQHandler
                0x0800b628                I2C1_EV_IRQHandler
                0x0800b628                DMA1_Stream6_IRQHandler
                0x0800b628                DMAMUX1_OVR_IRQHandler
                0x0800b628                DMA1_Stream1_IRQHandler
                0x0800b628                TIM16_IRQHandler
                0x0800b628                UART4_IRQHandler
                0x0800b628                BDMA_Channel5_IRQHandler
                0x0800b628                TIM3_IRQHandler
                0x0800b628                RCC_IRQHandler
                0x0800b628                TIM8_BRK_TIM12_IRQHandler
                0x0800b628                TIM1_TRG_COM_IRQHandler
                0x0800b628                Default_Handler
                0x0800b628                ECC_IRQHandler
                0x0800b628                CEC_IRQHandler
                0x0800b628                EXTI15_10_IRQHandler
                0x0800b628                BDMA_Channel0_IRQHandler
                0x0800b628                ADC_IRQHandler
                0x0800b628                DMA1_Stream7_IRQHandler
                0x0800b628                HRTIM1_TIMA_IRQHandler
                0x0800b628                SPI5_IRQHandler
                0x0800b628                TIM7_IRQHandler
                0x0800b628                SDMMC1_IRQHandler
                0x0800b628                TIM5_IRQHandler
                0x0800b628                DMA2_Stream7_IRQHandler
                0x0800b628                TIM15_IRQHandler
                0x0800b628                PVD_AVD_IRQHandler
                0x0800b628                I2C3_EV_IRQHandler
                0x0800b628                EXTI9_5_IRQHandler
                0x0800b628                RTC_WKUP_IRQHandler
                0x0800b628                SAI3_IRQHandler
                0x0800b628                ETH_WKUP_IRQHandler
                0x0800b628                SPDIF_RX_IRQHandler
                0x0800b628                SPI2_IRQHandler
                0x0800b628                OTG_HS_EP1_IN_IRQHandler
                0x0800b628                CRS_IRQHandler
                0x0800b628                EXTI4_IRQHandler
                0x0800b628                RNG_IRQHandler
                0x0800b628                HRTIM1_TIMB_IRQHandler
                0x0800b628                FDCAN2_IT1_IRQHandler
                0x0800b628                ETH_IRQHandler
                0x0800b628                TIM1_UP_IRQHandler
                0x0800b628                BDMA_Channel4_IRQHandler
                0x0800b628                OTG_HS_EP1_OUT_IRQHandler
                0x0800b628                WWDG_IRQHandler
                0x0800b628                SPI6_IRQHandler
                0x0800b628                MDIOS_IRQHandler
                0x0800b628                I2C4_EV_IRQHandler
                0x0800b628                FDCAN2_IT0_IRQHandler
                0x0800b628                LPUART1_IRQHandler
                0x0800b628                FDCAN1_IT0_IRQHandler
                0x0800b628                TIM2_IRQHandler
                0x0800b628                OTG_FS_WKUP_IRQHandler
                0x0800b628                OTG_HS_IRQHandler
                0x0800b628                DMA2D_IRQHandler
                0x0800b628                TIM1_BRK_IRQHandler
                0x0800b628                EXTI1_IRQHandler
                0x0800b628                SDMMC2_IRQHandler
                0x0800b628                OTG_FS_EP1_OUT_IRQHandler
                0x0800b628                BDMA_Channel3_IRQHandler
                0x0800b628                UART7_IRQHandler
                0x0800b628                MDIOS_WKUP_IRQHandler
                0x0800b628                USART2_IRQHandler
                0x0800b628                DFSDM1_FLT0_IRQHandler
                0x0800b628                SAI4_IRQHandler
                0x0800b628                I2C2_ER_IRQHandler
                0x0800b628                DMA2_Stream1_IRQHandler
                0x0800b628                FLASH_IRQHandler
                0x0800b628                DMA2_Stream4_IRQHandler
                0x0800b628                USART1_IRQHandler
                0x0800b628                SPI3_IRQHandler
                0x0800b628                WAKEUP_PIN_IRQHandler
                0x0800b628                DMA1_Stream4_IRQHandler
                0x0800b628                OTG_FS_EP1_IN_IRQHandler
                0x0800b628                I2C1_ER_IRQHandler
                0x0800b628                FMC_IRQHandler
                0x0800b628                FDCAN_CAL_IRQHandler
                0x0800b628                SWPMI1_IRQHandler
                0x0800b628                COMP1_IRQHandler
                0x0800b628                LPTIM1_IRQHandler
                0x0800b628                I2C4_ER_IRQHandler
                0x0800b628                DMA2_Stream6_IRQHandler
                0x0800b628                SAI1_IRQHandler
                0x0800b628                DMA1_Stream3_IRQHandler
 *fill*         0x0800b62a        0x2 
 .text.__libc_init_array
                0x0800b62c       0x48 /home/jyko/Embedded/arm-gnu-toolchain-13.2.rel1-x86_64-arm-none-eabi/bin/../lib/gcc/arm-none-eabi/13.2.1/../../../../arm-none-eabi/lib/thumb/v7e-m+dp/hard/libc_nano.a(libc_a-init.o)
                0x0800b62c                __libc_init_array
 .text.malloc   0x0800b674       0x10 /home/jyko/Embedded/arm-gnu-toolchain-13.2.rel1-x86_64-arm-none-eabi/bin/../lib/gcc/arm-none-eabi/13.2.1/../../../../arm-none-eabi/lib/thumb/v7e-m+dp/hard/libc_nano.a(libc_a-malloc.o)
                0x0800b674                malloc
 .text.free     0x0800b684       0x10 /home/jyko/Embedded/arm-gnu-toolchain-13.2.rel1-x86_64-arm-none-eabi/bin/../lib/gcc/arm-none-eabi/13.2.1/../../../../arm-none-eabi/lib/thumb/v7e-m+dp/hard/libc_nano.a(libc_a-malloc.o)
                0x0800b684                free
 .text.sbrk_aligned
                0x0800b694       0x44 /home/jyko/Embedded/arm-gnu-toolchain-13.2.rel1-x86_64-arm-none-eabi/bin/../lib/gcc/arm-none-eabi/13.2.1/../../../../arm-none-eabi/lib/thumb/v7e-m+dp/hard/libc_nano.a(libc_a-mallocr.o)
 .text._malloc_r
                0x0800b6d8      0x100 /home/jyko/Embedded/arm-gnu-toolchain-13.2.rel1-x86_64-arm-none-eabi/bin/../lib/gcc/arm-none-eabi/13.2.1/../../../../arm-none-eabi/lib/thumb/v7e-m+dp/hard/libc_nano.a(libc_a-mallocr.o)
                0x0800b6d8                _malloc_r
 .text.sprintf  0x0800b7d8       0x40 /home/jyko/Embedded/arm-gnu-toolchain-13.2.rel1-x86_64-arm-none-eabi/bin/../lib/gcc/arm-none-eabi/13.2.1/../../../../arm-none-eabi/lib/thumb/v7e-m+dp/hard/libc_nano.a(libc_a-sprintf.o)
                0x0800b7d8                sprintf
                0x0800b7d8                siprintf
 .text.__malloc_lock
                0x0800b818        0xc /home/jyko/Embedded/arm-gnu-toolchain-13.2.rel1-x86_64-arm-none-eabi/bin/../lib/gcc/arm-none-eabi/13.2.1/../../../../arm-none-eabi/lib/thumb/v7e-m+dp/hard/libc_nano.a(libc_a-mlock.o)
                0x0800b818                __malloc_lock
 .text.__malloc_unlock
                0x0800b824        0xc /home/jyko/Embedded/arm-gnu-toolchain-13.2.rel1-x86_64-arm-none-eabi/bin/../lib/gcc/arm-none-eabi/13.2.1/../../../../arm-none-eabi/lib/thumb/v7e-m+dp/hard/libc_nano.a(libc_a-mlock.o)
                0x0800b824                __malloc_unlock
 .text._sbrk_r  0x0800b830       0x20 /home/jyko/Embedded/arm-gnu-toolchain-13.2.rel1-x86_64-arm-none-eabi/bin/../lib/gcc/arm-none-eabi/13.2.1/../../../../arm-none-eabi/lib/thumb/v7e-m+dp/hard/libc_nano.a(libc_a-sbrkr.o)
                0x0800b830                _sbrk_r
 .text.memset   0x0800b850       0x10 /home/jyko/Embedded/arm-gnu-toolchain-13.2.rel1-x86_64-arm-none-eabi/bin/../lib/gcc/arm-none-eabi/13.2.1/../../../../arm-none-eabi/lib/thumb/v7e-m+dp/hard/libc_nano.a(libc_a-memset.o)
                0x0800b850                memset
 .text._free_r  0x0800b860       0x94 /home/jyko/Embedded/arm-gnu-toolchain-13.2.rel1-x86_64-arm-none-eabi/bin/../lib/gcc/arm-none-eabi/13.2.1/../../../../arm-none-eabi/lib/thumb/v7e-m+dp/hard/libc_nano.a(libc_a-freer.o)
                0x0800b860                _free_r
 .text.__retarget_lock_acquire_recursive
                0x0800b8f4        0x2 /home/jyko/Embedded/arm-gnu-toolchain-13.2.rel1-x86_64-arm-none-eabi/bin/../lib/gcc/arm-none-eabi/13.2.1/../../../../arm-none-eabi/lib/thumb/v7e-m+dp/hard/libc_nano.a(libc_a-lock.o)
                0x0800b8f4                __retarget_lock_acquire_recursive
 .text.__retarget_lock_release_recursive
                0x0800b8f6        0x2 /home/jyko/Embedded/arm-gnu-toolchain-13.2.rel1-x86_64-arm-none-eabi/bin/../lib/gcc/arm-none-eabi/13.2.1/../../../../arm-none-eabi/lib/thumb/v7e-m+dp/hard/libc_nano.a(libc_a-lock.o)
                0x0800b8f6                __retarget_lock_release_recursive
 .text.__ssputs_r
                0x0800b8f8       0xb6 /home/jyko/Embedded/arm-gnu-toolchain-13.2.rel1-x86_64-arm-none-eabi/bin/../lib/gcc/arm-none-eabi/13.2.1/../../../../arm-none-eabi/lib/thumb/v7e-m+dp/hard/libc_nano.a(libc_a-nano-svfprintf.o)
                0x0800b8f8                __ssputs_r
 *fill*         0x0800b9ae        0x2 
 .text._svfprintf_r
                0x0800b9b0      0x1f8 /home/jyko/Embedded/arm-gnu-toolchain-13.2.rel1-x86_64-arm-none-eabi/bin/../lib/gcc/arm-none-eabi/13.2.1/../../../../arm-none-eabi/lib/thumb/v7e-m+dp/hard/libc_nano.a(libc_a-nano-svfprintf.o)
                0x0800b9b0                _svfprintf_r
                0x0800b9b0                _svfiprintf_r
 .text._printf_common
                0x0800bba8       0xda /home/jyko/Embedded/arm-gnu-toolchain-13.2.rel1-x86_64-arm-none-eabi/bin/../lib/gcc/arm-none-eabi/13.2.1/../../../../arm-none-eabi/lib/thumb/v7e-m+dp/hard/libc_nano.a(libc_a-nano-vfprintf_i.o)
                0x0800bba8                _printf_common
 *fill*         0x0800bc82        0x2 
 .text._printf_i
                0x0800bc84      0x23c /home/jyko/Embedded/arm-gnu-toolchain-13.2.rel1-x86_64-arm-none-eabi/bin/../lib/gcc/arm-none-eabi/13.2.1/../../../../arm-none-eabi/lib/thumb/v7e-m+dp/hard/libc_nano.a(libc_a-nano-vfprintf_i.o)
                0x0800bc84                _printf_i
 .text.memcpy   0x0800bec0       0x1c /home/jyko/Embedded/arm-gnu-toolchain-13.2.rel1-x86_64-arm-none-eabi/bin/../lib/gcc/arm-none-eabi/13.2.1/../../../../arm-none-eabi/lib/thumb/v7e-m+dp/hard/libc_nano.a(libc_a-memcpy-stub.o)
                0x0800bec0                memcpy
 .text.memmove  0x0800bedc       0x34 /home/jyko/Embedded/arm-gnu-toolchain-13.2.rel1-x86_64-arm-none-eabi/bin/../lib/gcc/arm-none-eabi/13.2.1/../../../../arm-none-eabi/lib/thumb/v7e-m+dp/hard/libc_nano.a(libc_a-memmove.o)
                0x0800bedc                memmove
 .text._realloc_r
                0x0800bf10       0x5c /home/jyko/Embedded/arm-gnu-toolchain-13.2.rel1-x86_64-arm-none-eabi/bin/../lib/gcc/arm-none-eabi/13.2.1/../../../../arm-none-eabi/lib/thumb/v7e-m+dp/hard/libc_nano.a(libc_a-reallocr.o)
                0x0800bf10                _realloc_r
 .text._malloc_usable_size_r
                0x0800bf6c       0x10 /home/jyko/Embedded/arm-gnu-toolchain-13.2.rel1-x86_64-arm-none-eabi/bin/../lib/gcc/arm-none-eabi/13.2.1/../../../../arm-none-eabi/lib/thumb/v7e-m+dp/hard/libc_nano.a(libc_a-msizer.o)
                0x0800bf6c                _malloc_usable_size_r
 .text.sqrtf    0x0800bf7c       0x44 /home/jyko/Embedded/arm-gnu-toolchain-13.2.rel1-x86_64-arm-none-eabi/bin/../lib/gcc/arm-none-eabi/13.2.1/../../../../arm-none-eabi/lib/thumb/v7e-m+dp/hard/libm.a(libm_a-wf_sqrt.o)
                0x0800bf7c                sqrtf
 .text.__ieee754_sqrtf
                0x0800bfc0        0x8 /home/jyko/Embedded/arm-gnu-toolchain-13.2.rel1-x86_64-arm-none-eabi/bin/../lib/gcc/arm-none-eabi/13.2.1/../../../../arm-none-eabi/lib/thumb/v7e-m+dp/hard/libm.a(libm_a-ef_sqrt.o)
                0x0800bfc0                __ieee754_sqrtf
 .text.tan      0x0800bfc8       0x60 /home/jyko/Embedded/arm-gnu-toolchain-13.2.rel1-x86_64-arm-none-eabi/bin/../lib/gcc/arm-none-eabi/13.2.1/../../../../arm-none-eabi/lib/thumb/v7e-m+dp/hard/libm.a(libm_a-s_tan.o)
                0x0800bfc8                tan
 .text.__kernel_tan
                0x0800c028      0x248 /home/jyko/Embedded/arm-gnu-toolchain-13.2.rel1-x86_64-arm-none-eabi/bin/../lib/gcc/arm-none-eabi/13.2.1/../../../../arm-none-eabi/lib/thumb/v7e-m+dp/hard/libm.a(libm_a-k_tan.o)
                0x0800c028                __kernel_tan
 .text.__ieee754_rem_pio2
                0x0800c270      0x29c /home/jyko/Embedded/arm-gnu-toolchain-13.2.rel1-x86_64-arm-none-eabi/bin/../lib/gcc/arm-none-eabi/13.2.1/../../../../arm-none-eabi/lib/thumb/v7e-m+dp/hard/libm.a(libm_a-e_rem_pio2.o)
                0x0800c270                __ieee754_rem_pio2
 *fill*         0x0800c50c        0x4 
 .text.__kernel_rem_pio2
                0x0800c510      0x678 /home/jyko/Embedded/arm-gnu-toolchain-13.2.rel1-x86_64-arm-none-eabi/bin/../lib/gcc/arm-none-eabi/13.2.1/../../../../arm-none-eabi/lib/thumb/v7e-m+dp/hard/libm.a(libm_a-k_rem_pio2.o)
                0x0800c510                __kernel_rem_pio2
 .text.fabs     0x0800cb88       0x10 /home/jyko/Embedded/arm-gnu-toolchain-13.2.rel1-x86_64-arm-none-eabi/bin/../lib/gcc/arm-none-eabi/13.2.1/../../../../arm-none-eabi/lib/thumb/v7e-m+dp/hard/libm.a(libm_a-s_fabs.o)
                0x0800cb88                fabs
 .text.scalbn   0x0800cb98      0x104 /home/jyko/Embedded/arm-gnu-toolchain-13.2.rel1-x86_64-arm-none-eabi/bin/../lib/gcc/arm-none-eabi/13.2.1/../../../../arm-none-eabi/lib/thumb/v7e-m+dp/hard/libm.a(libm_a-s_scalbn.o)
                0x0800cb98                scalbn
 *fill*         0x0800cc9c        0x4 
 .text.floor    0x0800cca0      0x118 /home/jyko/Embedded/arm-gnu-toolchain-13.2.rel1-x86_64-arm-none-eabi/bin/../lib/gcc/arm-none-eabi/13.2.1/../../../../arm-none-eabi/lib/thumb/v7e-m+dp/hard/libm.a(libm_a-s_floor.o)
                0x0800cca0                floor
 .text._sbrk    0x0800cdb8       0x1c /home/jyko/Embedded/arm-gnu-toolchain-13.2.rel1-x86_64-arm-none-eabi/bin/../lib/gcc/arm-none-eabi/13.2.1/../../../../arm-none-eabi/lib/thumb/v7e-m+dp/hard/libnosys.a(sbrk.o)
                0x0800cdb8                _sbrk
 .text.arm_mat_mult_f32
                0x0800cdd4      0x14c Drivers/CMSIS/Lib/GCC/libarm_cortexM7lfdp_math.a(arm_mat_mult_f32.o)
                0x0800cdd4                arm_mat_mult_f32
 .text.arm_mat_init_f32
                0x0800cf20        0x8 Drivers/CMSIS/Lib/GCC/libarm_cortexM7lfdp_math.a(arm_mat_init_f32.o)
                0x0800cf20                arm_mat_init_f32
 .text.arm_sin_f32
                0x0800cf28       0x9c Drivers/CMSIS/Lib/GCC/libarm_cortexM7lfdp_math.a(arm_sin_f32.o)
                0x0800cf28                arm_sin_f32
 .text.arm_cos_f32
                0x0800cfc4       0x80 Drivers/CMSIS/Lib/GCC/libarm_cortexM7lfdp_math.a(arm_cos_f32.o)
                0x0800cfc4                arm_cos_f32
 .text.arm_sub_f32
                0x0800d044       0x8c Drivers/CMSIS/Lib/GCC/libarm_cortexM7lfdp_math.a(arm_sub_f32.o)
                0x0800d044                arm_sub_f32
 .text.arm_dot_prod_f32
                0x0800d0d0       0x94 Drivers/CMSIS/Lib/GCC/libarm_cortexM7lfdp_math.a(arm_dot_prod_f32.o)
                0x0800d0d0                arm_dot_prod_f32
 .text.__errno  0x0800d164        0xc /home/jyko/Embedded/arm-gnu-toolchain-13.2.rel1-x86_64-arm-none-eabi/bin/../lib/gcc/arm-none-eabi/13.2.1/../../../../arm-none-eabi/lib/thumb/v7e-m+dp/hard/libc_nano.a(libc_a-errno.o)
                0x0800d164                __errno
 *(.glue_7)
 .glue_7        0x0800d170        0x0 linker stubs
 *(.glue_7t)
 .glue_7t       0x0800d170        0x0 linker stubs
 *(.eh_frame)
 .eh_frame      0x0800d170        0x0 /home/jyko/Embedded/arm-gnu-toolchain-13.2.rel1-x86_64-arm-none-eabi/bin/../lib/gcc/arm-none-eabi/13.2.1/thumb/v7e-m+dp/hard/crtbegin.o
 *(.init)
 .init          0x0800d170        0x4 /home/jyko/Embedded/arm-gnu-toolchain-13.2.rel1-x86_64-arm-none-eabi/bin/../lib/gcc/arm-none-eabi/13.2.1/thumb/v7e-m+dp/hard/crti.o
                0x0800d170                _init
 .init          0x0800d174        0x8 /home/jyko/Embedded/arm-gnu-toolchain-13.2.rel1-x86_64-arm-none-eabi/bin/../lib/gcc/arm-none-eabi/13.2.1/thumb/v7e-m+dp/hard/crtn.o
 *(.fini)
 .fini          0x0800d17c        0x4 /home/jyko/Embedded/arm-gnu-toolchain-13.2.rel1-x86_64-arm-none-eabi/bin/../lib/gcc/arm-none-eabi/13.2.1/thumb/v7e-m+dp/hard/crti.o
                0x0800d17c                _fini
 .fini          0x0800d180        0x8 /home/jyko/Embedded/arm-gnu-toolchain-13.2.rel1-x86_64-arm-none-eabi/bin/../lib/gcc/arm-none-eabi/13.2.1/thumb/v7e-m+dp/hard/crtn.o
                0x0800d188                        . = ALIGN (0x4)
                0x0800d188                        _etext = .

.vfp11_veneer   0x0800d188        0x0
 .vfp11_veneer  0x0800d188        0x0 linker stubs

.v4_bx          0x0800d188        0x0
 .v4_bx         0x0800d188        0x0 linker stubs

.iplt           0x0800d188        0x0
 .iplt          0x0800d188        0x0 /home/jyko/Embedded/arm-gnu-toolchain-13.2.rel1-x86_64-arm-none-eabi/bin/../lib/gcc/arm-none-eabi/13.2.1/thumb/v7e-m+dp/hard/crtbegin.o

.rodata         0x0800d188    0xdaeec
                0x0800d188                        . = ALIGN (0x4)
 *(.rodata)
 *(.rodata*)
 .rodata.main.str1.4
                0x0800d188       0x7c build/main.o
                                 0x77 (size before relaxing)
 .rodata.arpeggio.0
                0x0800d204       0x40 build/main.o
 .rodata.sin.1  0x0800d244       0x10 build/main.o
 .rodata.tags.2
                0x0800d254       0xf0 build/main.o
 .rodata.doyouwantme_mod
                0x0800d344    0x7a6b8 build/main.o
 .rodata._pocketmod_finetune
                0x080879fc      0x240 build/main.o
 .rodata.LTDCSYNC
                0x08087c3c      0x1e0 build/ltdc.o
                0x08087c3c                LTDCSYNC
 .rodata.hdh48_3
                0x08087e1c    0x24f80 build/hdh48_3.o
                0x08087e1c                hdh48_3
 .rodata.teapotModelData
                0x080acd9c    0x3a810 build/teapot.o
                0x080acd9c                teapotModelData
 .rodata.flagBitshiftOffset.0
                0x080e75ac        0x8 build/stm32h7xx_hal_dma.o
 .rodata.D1CorePrescTable
                0x080e75b4       0x10 build/system_stm32h7xx.o
                0x080e75b4                D1CorePrescTable
 .rodata.str1.4
                0x080e75c4        0x4 build/usbh_hid.o
 .rodata.prop_y
                0x080e75c4       0x20 build/usbh_hid_mouse.o
 .rodata.prop_x
                0x080e75e4       0x20 build/usbh_hid_mouse.o
 .rodata.prop_b3
                0x080e7604       0x20 build/usbh_hid_mouse.o
 .rodata.prop_b2
                0x080e7624       0x20 build/usbh_hid_mouse.o
 .rodata.prop_b1
                0x080e7644       0x20 build/usbh_hid_mouse.o
 .rodata._svfprintf_r.str1.1
                0x080e7664       0x33 /home/jyko/Embedded/arm-gnu-toolchain-13.2.rel1-x86_64-arm-none-eabi/bin/../lib/gcc/arm-none-eabi/13.2.1/../../../../arm-none-eabi/lib/thumb/v7e-m+dp/hard/libc_nano.a(libc_a-nano-svfprintf.o)
                                 0x11 (size before relaxing)
 .rodata._printf_i.str1.1
                0x080e7697       0x22 /home/jyko/Embedded/arm-gnu-toolchain-13.2.rel1-x86_64-arm-none-eabi/bin/../lib/gcc/arm-none-eabi/13.2.1/../../../../arm-none-eabi/lib/thumb/v7e-m+dp/hard/libc_nano.a(libc_a-nano-vfprintf_i.o)
 *fill*         0x080e7697        0x1 
 .rodata.npio2_hw
                0x080e7698       0x80 /home/jyko/Embedded/arm-gnu-toolchain-13.2.rel1-x86_64-arm-none-eabi/bin/../lib/gcc/arm-none-eabi/13.2.1/../../../../arm-none-eabi/lib/thumb/v7e-m+dp/hard/libm.a(libm_a-e_rem_pio2.o)
 .rodata.two_over_pi
                0x080e7718      0x108 /home/jyko/Embedded/arm-gnu-toolchain-13.2.rel1-x86_64-arm-none-eabi/bin/../lib/gcc/arm-none-eabi/13.2.1/../../../../arm-none-eabi/lib/thumb/v7e-m+dp/hard/libm.a(libm_a-e_rem_pio2.o)
 .rodata.PIo2   0x080e7820       0x40 /home/jyko/Embedded/arm-gnu-toolchain-13.2.rel1-x86_64-arm-none-eabi/bin/../lib/gcc/arm-none-eabi/13.2.1/../../../../arm-none-eabi/lib/thumb/v7e-m+dp/hard/libm.a(libm_a-k_rem_pio2.o)
 .rodata.init_jk
                0x080e7860       0x10 /home/jyko/Embedded/arm-gnu-toolchain-13.2.rel1-x86_64-arm-none-eabi/bin/../lib/gcc/arm-none-eabi/13.2.1/../../../../arm-none-eabi/lib/thumb/v7e-m+dp/hard/libm.a(libm_a-k_rem_pio2.o)
 .rodata.sinTable_f32
                0x080e7870      0x804 Drivers/CMSIS/Lib/GCC/libarm_cortexM7lfdp_math.a(arm_common_tables.o)
                0x080e7870                sinTable_f32
                0x080e8074                        . = ALIGN (0x4)

.ARM.extab
 *(.ARM.extab* .gnu.linkonce.armextab.*)

.ARM            0x080e8074        0x8
                0x080e8074                        __exidx_start = .
 *(.ARM.exidx*)
 .ARM.exidx     0x080e8074        0x8 /home/jyko/Embedded/arm-gnu-toolchain-13.2.rel1-x86_64-arm-none-eabi/bin/../lib/gcc/arm-none-eabi/13.2.1/../../../../arm-none-eabi/lib/thumb/v7e-m+dp/hard/libc_nano.a(libc_a-memchr.o)
                0x080e807c                        __exidx_end = .

.rel.dyn        0x080e807c        0x0
 .rel.iplt      0x080e807c        0x0 /home/jyko/Embedded/arm-gnu-toolchain-13.2.rel1-x86_64-arm-none-eabi/bin/../lib/gcc/arm-none-eabi/13.2.1/thumb/v7e-m+dp/hard/crtbegin.o

.preinit_array  0x080e807c        0x0
                0x080e807c                        PROVIDE (__preinit_array_start = .)
 *(.preinit_array*)
                0x080e807c                        PROVIDE (__preinit_array_end = .)

.init_array     0x080e807c        0x4
                0x080e807c                        PROVIDE (__init_array_start = .)
 *(SORT_BY_NAME(.init_array.*))
 *(.init_array*)
 .init_array    0x080e807c        0x4 /home/jyko/Embedded/arm-gnu-toolchain-13.2.rel1-x86_64-arm-none-eabi/bin/../lib/gcc/arm-none-eabi/13.2.1/thumb/v7e-m+dp/hard/crtbegin.o
                0x080e8080                        PROVIDE (__init_array_end = .)

.fini_array     0x080e8080        0x4
                [!provide]                        PROVIDE (__fini_array_start = .)
 *(SORT_BY_NAME(.fini_array.*))
 *(.fini_array*)
 .fini_array    0x080e8080        0x4 /home/jyko/Embedded/arm-gnu-toolchain-13.2.rel1-x86_64-arm-none-eabi/bin/../lib/gcc/arm-none-eabi/13.2.1/thumb/v7e-m+dp/hard/crtbegin.o
                [!provide]                        PROVIDE (__fini_array_end = .)
                0x080e8084                        _sidata = LOADADDR (.data)

.data           0x20000000       0x9c load address 0x080e8084
                0x20000000                        . = ALIGN (0x4)
                0x20000000                        _sdata = .
 *(.data)
 *(.data*)
 .data.redraw   0x20000000        0x1 build/main.o
                0x20000000                redraw
 *fill*         0x20000001        0x3 
 .data.unitY    0x20000004        0xc build/dsp3D.o
                0x20000004                unitY
 .data.cameraPosition
                0x20000010        0xc build/dsp3D.o
                0x20000010                cameraPosition
 .data.uwTickFreq
                0x2000001c        0x1 build/stm32h7xx_hal.o
                0x2000001c                uwTickFreq
 *fill*         0x2000001d        0x3 
 .data.uwTickPrio
                0x20000020        0x4 build/stm32h7xx_hal.o
                0x20000020                uwTickPrio
 .data.SystemD2Clock
                0x20000024        0x4 build/system_stm32h7xx.o
                0x20000024                SystemD2Clock
 .data.SystemCoreClock
                0x20000028        0x4 build/system_stm32h7xx.o
                0x20000028                SystemCoreClock
 .data.HID_Class
                0x2000002c       0x20 build/usbh_hid.o
                0x2000002c                HID_Class
 .data._impure_ptr
                0x2000004c        0x4 /home/jyko/Embedded/arm-gnu-toolchain-13.2.rel1-x86_64-arm-none-eabi/bin/../lib/gcc/arm-none-eabi/13.2.1/../../../../arm-none-eabi/lib/thumb/v7e-m+dp/hard/libc_nano.a(libc_a-impure.o)
                0x2000004c                _impure_ptr
 .data._impure_data
                0x20000050       0x4c /home/jyko/Embedded/arm-gnu-toolchain-13.2.rel1-x86_64-arm-none-eabi/bin/../lib/gcc/arm-none-eabi/13.2.1/../../../../arm-none-eabi/lib/thumb/v7e-m+dp/hard/libc_nano.a(libc_a-impure.o)
                0x20000050                _impure_data
                0x2000009c                        . = ALIGN (0x4)
                0x2000009c                        _edata = .

.tm_clone_table
                0x2000009c        0x0 load address 0x080e8120
 .tm_clone_table
                0x2000009c        0x0 /home/jyko/Embedded/arm-gnu-toolchain-13.2.rel1-x86_64-arm-none-eabi/bin/../lib/gcc/arm-none-eabi/13.2.1/thumb/v7e-m+dp/hard/crtbegin.o
 .tm_clone_table
                0x2000009c        0x0 /home/jyko/Embedded/arm-gnu-toolchain-13.2.rel1-x86_64-arm-none-eabi/bin/../lib/gcc/arm-none-eabi/13.2.1/thumb/v7e-m+dp/hard/crtend.o

.igot.plt       0x2000009c        0x0 load address 0x080e8120
 .igot.plt      0x2000009c        0x0 /home/jyko/Embedded/arm-gnu-toolchain-13.2.rel1-x86_64-arm-none-eabi/bin/../lib/gcc/arm-none-eabi/13.2.1/thumb/v7e-m+dp/hard/crtbegin.o
                0x2000009c                        . = ALIGN (0x4)

.bss            0x2000009c     0x2084 load address 0x080e8120
                0x2000009c                        _sbss = .
                0x2000009c                        __bss_start__ = _sbss
 *(.bss)
 *(.bss*)
 .bss.completed.1
                0x2000009c        0x1 /home/jyko/Embedded/arm-gnu-toolchain-13.2.rel1-x86_64-arm-none-eabi/bin/../lib/gcc/arm-none-eabi/13.2.1/thumb/v7e-m+dp/hard/crtbegin.o
 *fill*         0x2000009d        0x3 
 .bss.object.0  0x200000a0       0x18 /home/jyko/Embedded/arm-gnu-toolchain-13.2.rel1-x86_64-arm-none-eabi/bin/../lib/gcc/arm-none-eabi/13.2.1/thumb/v7e-m+dp/hard/crtbegin.o
 .bss.cz        0x200000b8        0x4 build/main.o
                0x200000b8                cz
 .bss.modticks_old
                0x200000bc        0x4 build/main.o
                0x200000bc                modticks_old
 .bss.modticks  0x200000c0        0x4 build/main.o
                0x200000c0                modticks
 .bss.rendered_samples
                0x200000c4        0x4 build/main.o
                0x200000c4                rendered_samples
 .bss.rendered_bytes
                0x200000c8        0x4 build/main.o
                0x200000c8                rendered_bytes
 .bss.output    0x200000cc      0x400 build/main.o
                0x200000cc                output
 .bss.buffer    0x200004cc      0x800 build/main.o
                0x200004cc                buffer
 .bss.ry        0x20000ccc        0x4 build/main.o
                0x20000ccc                ry
 .bss.rx        0x20000cd0        0x4 build/main.o
                0x20000cd0                rx
 .bss.MouseY    0x20000cd4        0x1 build/main.o
                0x20000cd4                MouseY
 .bss.MouseX    0x20000cd5        0x1 build/main.o
                0x20000cd5                MouseX
 *fill*         0x20000cd6        0x2 
 .bss.ReloadFlag
                0x20000cd8        0x4 build/main.o
                0x20000cd8                ReloadFlag
 .bss.tmp       0x20000cdc        0x4 build/main.o
                0x20000cdc                tmp
 .bss.fbuffer   0x20000ce0        0x4 build/main.o
                0x20000ce0                fbuffer
 .bss.bbuffer   0x20000ce4        0x4 build/main.o
                0x20000ce4                bbuffer
 .bss.context   0x20000ce8      0x5bc build/main.o
                0x20000ce8                context
 .bss.hltdc     0x200012a4       0xa8 build/ltdc.o
                0x200012a4                hltdc
 .bss.hrtc      0x2000134c       0x24 build/rtc.o
                0x2000134c                hrtc
 .bss.EDID      0x20001370      0x100 build/tda998x.o
                0x20001370                EDID
 .bss.instance_matrix_worldView
                0x20001470        0x8 build/dsp3D.o
                0x20001470                instance_matrix_worldView
 .bss.instance_matrix_world
                0x20001478        0x8 build/dsp3D.o
                0x20001478                instance_matrix_world
 .bss.instance_matrix_projection
                0x20001480        0x8 build/dsp3D.o
                0x20001480                instance_matrix_projection
 .bss.instance_matrix_transformhelper
                0x20001488        0x8 build/dsp3D.o
                0x20001488                instance_matrix_transformhelper
 .bss.instance_matrix_transform
                0x20001490        0x8 build/dsp3D.o
                0x20001490                instance_matrix_transform
 .bss.instance_matrix_translation
                0x20001498        0x8 build/dsp3D.o
                0x20001498                instance_matrix_translation
 .bss.instance_matrix_rotation
                0x200014a0        0x8 build/dsp3D.o
                0x200014a0                instance_matrix_rotation
 .bss.instance_matrix_view
                0x200014a8        0x8 build/dsp3D.o
                0x200014a8                instance_matrix_view
 .bss.culling   0x200014b0        0x1 build/dsp3D.o
                0x200014b0                culling
 .bss.lastRenderingType
                0x200014b1        0x1 build/dsp3D.o
                0x200014b1                lastRenderingType
 *fill*         0x200014b2        0x2 
 .bss.matrix_transformhelper
                0x200014b4       0x40 build/dsp3D.o
                0x200014b4                matrix_transformhelper
 .bss.matrix_transform
                0x200014f4       0x40 build/dsp3D.o
                0x200014f4                matrix_transform
 .bss.matrix_worldView
                0x20001534       0x40 build/dsp3D.o
                0x20001534                matrix_worldView
 .bss.matrix_world
                0x20001574       0x40 build/dsp3D.o
                0x20001574                matrix_world
 .bss.matrix_translation
                0x200015b4       0x40 build/dsp3D.o
                0x200015b4                matrix_translation
 .bss.matrix_rotation
                0x200015f4       0x40 build/dsp3D.o
                0x200015f4                matrix_rotation
 .bss.matrix_projection
                0x20001634       0x40 build/dsp3D.o
                0x20001634                matrix_projection
 .bss.matrix_view
                0x20001674       0x40 build/dsp3D.o
                0x20001674                matrix_view
 .bss.meshPosition
                0x200016b4        0xc build/dsp3D.o
                0x200016b4                meshPosition
 .bss.meshRotation
                0x200016c0        0xc build/dsp3D.o
                0x200016c0                meshRotation
 .bss.cameraTarget
                0x200016cc        0xc build/dsp3D.o
                0x200016cc                cameraTarget
 .bss.uwTick    0x200016d8        0x4 build/stm32h7xx_hal.o
                0x200016d8                uwTick
 .bss.FMC_Initialized
                0x200016dc        0x4 build/fmc.o
 .bss.hsdram1   0x200016e0       0x34 build/fmc.o
                0x200016e0                hsdram1
 .bss.hdma2d    0x20001714       0x68 build/dma2d.o
                0x20001714                hdma2d
 .bss.tmpreg.0  0x2000177c        0x4 build/stm32h7xx_ll_usb.o
 .bss.hi2c1     0x20001780       0x4c build/i2c.o
                0x20001780                hi2c1
 .bss.hdma_spi1_tx
                0x200017cc       0x78 build/i2s.o
                0x200017cc                hdma_spi1_tx
 .bss.hi2s1     0x20001844       0x54 build/i2s.o
                0x20001844                hi2s1
 .bss.hhcd_USB_OTG_FS
                0x20001898      0x2c4 build/usbh_conf.o
                0x20001898                hhcd_USB_OTG_FS
 .bss.Appli_state
                0x20001b5c        0x1 build/usb_host.o
                0x20001b5c                Appli_state
 *fill*         0x20001b5d        0x3 
 .bss.hUsbHostFS
                0x20001b60      0x3d8 build/usb_host.o
                0x20001b60                hUsbHostFS
 .bss.keybd_report_data
                0x20001f38        0x8 build/usbh_hid_keybd.o
                0x20001f38                keybd_report_data
 .bss.keybd_rx_report_buf
                0x20001f40        0x8 build/usbh_hid_keybd.o
                0x20001f40                keybd_rx_report_buf
 .bss.keybd_info
                0x20001f48        0xf build/usbh_hid_keybd.o
                0x20001f48                keybd_info
 *fill*         0x20001f57        0x1 
 .bss.mouse_rx_report_buf
                0x20001f58        0x8 build/usbh_hid_mouse.o
                0x20001f58                mouse_rx_report_buf
 .bss.mouse_report_data
                0x20001f60        0x8 build/usbh_hid_mouse.o
                0x20001f60                mouse_report_data
 .bss.mouse_info
                0x20001f68        0x5 build/usbh_hid_mouse.o
                0x20001f68                mouse_info
 *fill*         0x20001f6d        0x3 
 .bss.hadc3     0x20001f70       0x64 build/adc.o
                0x20001f70                hadc3
 .bss.__malloc_sbrk_start
                0x20001fd4        0x4 /home/jyko/Embedded/arm-gnu-toolchain-13.2.rel1-x86_64-arm-none-eabi/bin/../lib/gcc/arm-none-eabi/13.2.1/../../../../arm-none-eabi/lib/thumb/v7e-m+dp/hard/libc_nano.a(libc_a-mallocr.o)
                0x20001fd4                __malloc_sbrk_start
 .bss.__malloc_free_list
                0x20001fd8        0x4 /home/jyko/Embedded/arm-gnu-toolchain-13.2.rel1-x86_64-arm-none-eabi/bin/../lib/gcc/arm-none-eabi/13.2.1/../../../../arm-none-eabi/lib/thumb/v7e-m+dp/hard/libc_nano.a(libc_a-mallocr.o)
                0x20001fd8                __malloc_free_list
 .bss.__sf      0x20001fdc      0x138 /home/jyko/Embedded/arm-gnu-toolchain-13.2.rel1-x86_64-arm-none-eabi/bin/../lib/gcc/arm-none-eabi/13.2.1/../../../../arm-none-eabi/lib/thumb/v7e-m+dp/hard/libc_nano.a(libc_a-findfp.o)
                0x20001fdc                __sf
 .bss.__lock___malloc_recursive_mutex
                0x20002114        0x1 /home/jyko/Embedded/arm-gnu-toolchain-13.2.rel1-x86_64-arm-none-eabi/bin/../lib/gcc/arm-none-eabi/13.2.1/../../../../arm-none-eabi/lib/thumb/v7e-m+dp/hard/libc_nano.a(libc_a-lock.o)
                0x20002114                __lock___malloc_recursive_mutex
 *fill*         0x20002115        0x3 
 .bss.errno     0x20002118        0x4 /home/jyko/Embedded/arm-gnu-toolchain-13.2.rel1-x86_64-arm-none-eabi/bin/../lib/gcc/arm-none-eabi/13.2.1/../../../../arm-none-eabi/lib/thumb/v7e-m+dp/hard/libc_nano.a(libc_a-reent.o)
                0x20002118                errno
 .bss.heap_end.0
                0x2000211c        0x4 /home/jyko/Embedded/arm-gnu-toolchain-13.2.rel1-x86_64-arm-none-eabi/bin/../lib/gcc/arm-none-eabi/13.2.1/../../../../arm-none-eabi/lib/thumb/v7e-m+dp/hard/libnosys.a(sbrk.o)
 *(COMMON)
                0x20002120                        . = ALIGN (0x4)
                0x20002120                        _ebss = .
                0x20002120                        __bss_end__ = _ebss

._user_heap_stack
                0x20002120     0x4048 load address 0x080e8120
                0x20002120                        . = ALIGN (0x8)
                0x20002120                        PROVIDE (end = .)
                [!provide]                        PROVIDE (_end = .)
                0x20004144                        . = (. + _Min_Heap_Size)
 *fill*         0x20002120     0x2024 
                0x20006168                        . = (. + _Min_Stack_Size)
 *fill*         0x20004144     0x2024 
                0x20006168                        . = ALIGN (0x8)

/DISCARD/
 libc.a(*)
 libm.a(*)
 libgcc.a(*)

.ARM.attributes
                0x00000000       0x2e
 *(.ARM.attributes)
 .ARM.attributes
                0x00000000       0x20 /home/jyko/Embedded/arm-gnu-toolchain-13.2.rel1-x86_64-arm-none-eabi/bin/../lib/gcc/arm-none-eabi/13.2.1/thumb/v7e-m+dp/hard/crti.o
 .ARM.attributes
                0x00000020       0x32 /home/jyko/Embedded/arm-gnu-toolchain-13.2.rel1-x86_64-arm-none-eabi/bin/../lib/gcc/arm-none-eabi/13.2.1/thumb/v7e-m+dp/hard/crtbegin.o
 .ARM.attributes
                0x00000052       0x32 build/main.o
 .ARM.attributes
                0x00000084       0x32 build/gpio.o
 .ARM.attributes
                0x000000b6       0x32 build/ltdc.o
 .ARM.attributes
                0x000000e8       0x32 build/rtc.o
 .ARM.attributes
                0x0000011a       0x32 build/dma.o
 .ARM.attributes
                0x0000014c       0x32 build/stm32h7xx_it.o
 .ARM.attributes
                0x0000017e       0x32 build/stm32h7xx_hal_msp.o
 .ARM.attributes
                0x000001b0       0x32 build/tda998x.o
 .ARM.attributes
                0x000001e2       0x32 build/hdh48_3.o
 .ARM.attributes
                0x00000214       0x32 build/teapot.o
 .ARM.attributes
                0x00000246       0x32 build/dsp3D.o
 .ARM.attributes
                0x00000278       0x32 build/dsp3D_LL.o
 .ARM.attributes
                0x000002aa       0x32 build/stm32h7xx_hal_rtc.o
 .ARM.attributes
                0x000002dc       0x32 build/stm32h7xx_hal_cortex.o
 .ARM.attributes
                0x0000030e       0x32 build/stm32h7xx_hal_ltdc.o
 .ARM.attributes
                0x00000340       0x32 build/stm32h7xx_hal_rcc.o
 .ARM.attributes
                0x00000372       0x32 build/stm32h7xx_hal_rcc_ex.o
 .ARM.attributes
                0x000003a4       0x32 build/stm32h7xx_hal_gpio.o
 .ARM.attributes
                0x000003d6       0x32 build/stm32h7xx_hal_dma.o
 .ARM.attributes
                0x00000408       0x32 build/stm32h7xx_hal_pwr_ex.o
 .ARM.attributes
                0x0000043a       0x32 build/stm32h7xx_hal.o
 .ARM.attributes
                0x0000046c       0x32 build/stm32h7xx_hal_i2c.o
 .ARM.attributes
                0x0000049e       0x32 build/stm32h7xx_hal_i2c_ex.o
 .ARM.attributes
                0x000004d0       0x32 build/system_stm32h7xx.o
 .ARM.attributes
                0x00000502       0x32 build/fmc.o
 .ARM.attributes
                0x00000534       0x32 build/stm32h7xx_ll_fmc.o
 .ARM.attributes
                0x00000566       0x32 build/stm32h7xx_hal_sdram.o
 .ARM.attributes
                0x00000598       0x32 build/dma2d.o
 .ARM.attributes
                0x000005ca       0x32 build/stm32h7xx_hal_dma2d.o
 .ARM.attributes
                0x000005fc       0x32 build/stm32h7xx_ll_usb.o
 .ARM.attributes
                0x0000062e       0x32 build/stm32h7xx_hal_hcd.o
 .ARM.attributes
                0x00000660       0x32 build/i2c.o
 .ARM.attributes
                0x00000692       0x32 build/i2s.o
 .ARM.attributes
                0x000006c4       0x32 build/stm32h7xx_hal_i2s.o
 .ARM.attributes
                0x000006f6       0x32 build/usbh_conf.o
 .ARM.attributes
                0x00000728       0x32 build/usbh_platform.o
 .ARM.attributes
                0x0000075a       0x32 build/usb_host.o
 .ARM.attributes
                0x0000078c       0x32 build/usbh_core.o
 .ARM.attributes
                0x000007be       0x32 build/usbh_ctlreq.o
 .ARM.attributes
                0x000007f0       0x32 build/usbh_ioreq.o
 .ARM.attributes
                0x00000822       0x32 build/usbh_pipes.o
 .ARM.attributes
                0x00000854       0x32 build/usbh_hid.o
 .ARM.attributes
                0x00000886       0x32 build/usbh_hid_keybd.o
 .ARM.attributes
                0x000008b8       0x32 build/usbh_hid_mouse.o
 .ARM.attributes
                0x000008ea       0x32 build/usbh_hid_parser.o
 .ARM.attributes
                0x0000091c       0x32 build/adc.o
 .ARM.attributes
                0x0000094e       0x32 build/stm32h7xx_hal_adc.o
 .ARM.attributes
                0x00000980       0x32 build/stm32h7xx_hal_adc_ex.o
 .ARM.attributes
                0x000009b2       0x21 build/startup_stm32h743xx.o
 .ARM.attributes
                0x000009d3       0x32 /home/jyko/Embedded/arm-gnu-toolchain-13.2.rel1-x86_64-arm-none-eabi/bin/../lib/gcc/arm-none-eabi/13.2.1/../../../../arm-none-eabi/lib/thumb/v7e-m+dp/hard/libc_nano.a(libc_a-init.o)
 .ARM.attributes
                0x00000a05       0x32 /home/jyko/Embedded/arm-gnu-toolchain-13.2.rel1-x86_64-arm-none-eabi/bin/../lib/gcc/arm-none-eabi/13.2.1/../../../../arm-none-eabi/lib/thumb/v7e-m+dp/hard/libc_nano.a(libc_a-malloc.o)
 .ARM.attributes
                0x00000a37       0x32 /home/jyko/Embedded/arm-gnu-toolchain-13.2.rel1-x86_64-arm-none-eabi/bin/../lib/gcc/arm-none-eabi/13.2.1/../../../../arm-none-eabi/lib/thumb/v7e-m+dp/hard/libc_nano.a(libc_a-mallocr.o)
 .ARM.attributes
                0x00000a69       0x32 /home/jyko/Embedded/arm-gnu-toolchain-13.2.rel1-x86_64-arm-none-eabi/bin/../lib/gcc/arm-none-eabi/13.2.1/../../../../arm-none-eabi/lib/thumb/v7e-m+dp/hard/libc_nano.a(libc_a-findfp.o)
 .ARM.attributes
                0x00000a9b       0x32 /home/jyko/Embedded/arm-gnu-toolchain-13.2.rel1-x86_64-arm-none-eabi/bin/../lib/gcc/arm-none-eabi/13.2.1/../../../../arm-none-eabi/lib/thumb/v7e-m+dp/hard/libc_nano.a(libc_a-sprintf.o)
 .ARM.attributes
                0x00000acd       0x32 /home/jyko/Embedded/arm-gnu-toolchain-13.2.rel1-x86_64-arm-none-eabi/bin/../lib/gcc/arm-none-eabi/13.2.1/../../../../arm-none-eabi/lib/thumb/v7e-m+dp/hard/libc_nano.a(libc_a-mlock.o)
 .ARM.attributes
                0x00000aff       0x32 /home/jyko/Embedded/arm-gnu-toolchain-13.2.rel1-x86_64-arm-none-eabi/bin/../lib/gcc/arm-none-eabi/13.2.1/../../../../arm-none-eabi/lib/thumb/v7e-m+dp/hard/libc_nano.a(libc_a-sbrkr.o)
 .ARM.attributes
                0x00000b31       0x32 /home/jyko/Embedded/arm-gnu-toolchain-13.2.rel1-x86_64-arm-none-eabi/bin/../lib/gcc/arm-none-eabi/13.2.1/../../../../arm-none-eabi/lib/thumb/v7e-m+dp/hard/libc_nano.a(libc_a-memset.o)
 .ARM.attributes
                0x00000b63       0x32 /home/jyko/Embedded/arm-gnu-toolchain-13.2.rel1-x86_64-arm-none-eabi/bin/../lib/gcc/arm-none-eabi/13.2.1/../../../../arm-none-eabi/lib/thumb/v7e-m+dp/hard/libc_nano.a(libc_a-freer.o)
 .ARM.attributes
                0x00000b95       0x32 /home/jyko/Embedded/arm-gnu-toolchain-13.2.rel1-x86_64-arm-none-eabi/bin/../lib/gcc/arm-none-eabi/13.2.1/../../../../arm-none-eabi/lib/thumb/v7e-m+dp/hard/libc_nano.a(libc_a-lock.o)
 .ARM.attributes
                0x00000bc7       0x32 /home/jyko/Embedded/arm-gnu-toolchain-13.2.rel1-x86_64-arm-none-eabi/bin/../lib/gcc/arm-none-eabi/13.2.1/../../../../arm-none-eabi/lib/thumb/v7e-m+dp/hard/libc_nano.a(libc_a-nano-svfprintf.o)
 .ARM.attributes
                0x00000bf9       0x32 /home/jyko/Embedded/arm-gnu-toolchain-13.2.rel1-x86_64-arm-none-eabi/bin/../lib/gcc/arm-none-eabi/13.2.1/../../../../arm-none-eabi/lib/thumb/v7e-m+dp/hard/libc_nano.a(libc_a-nano-vfprintf_i.o)
 .ARM.attributes
                0x00000c2b       0x32 /home/jyko/Embedded/arm-gnu-toolchain-13.2.rel1-x86_64-arm-none-eabi/bin/../lib/gcc/arm-none-eabi/13.2.1/../../../../arm-none-eabi/lib/thumb/v7e-m+dp/hard/libc_nano.a(libc_a-reent.o)
 .ARM.attributes
                0x00000c5d       0x32 /home/jyko/Embedded/arm-gnu-toolchain-13.2.rel1-x86_64-arm-none-eabi/bin/../lib/gcc/arm-none-eabi/13.2.1/../../../../arm-none-eabi/lib/thumb/v7e-m+dp/hard/libc_nano.a(libc_a-impure.o)
 .ARM.attributes
                0x00000c8f       0x1c /home/jyko/Embedded/arm-gnu-toolchain-13.2.rel1-x86_64-arm-none-eabi/bin/../lib/gcc/arm-none-eabi/13.2.1/../../../../arm-none-eabi/lib/thumb/v7e-m+dp/hard/libc_nano.a(libc_a-memchr.o)
 .ARM.attributes
                0x00000cab       0x32 /home/jyko/Embedded/arm-gnu-toolchain-13.2.rel1-x86_64-arm-none-eabi/bin/../lib/gcc/arm-none-eabi/13.2.1/../../../../arm-none-eabi/lib/thumb/v7e-m+dp/hard/libc_nano.a(libc_a-memcpy-stub.o)
 .ARM.attributes
                0x00000cdd       0x32 /home/jyko/Embedded/arm-gnu-toolchain-13.2.rel1-x86_64-arm-none-eabi/bin/../lib/gcc/arm-none-eabi/13.2.1/../../../../arm-none-eabi/lib/thumb/v7e-m+dp/hard/libc_nano.a(libc_a-memmove.o)
 .ARM.attributes
                0x00000d0f       0x32 /home/jyko/Embedded/arm-gnu-toolchain-13.2.rel1-x86_64-arm-none-eabi/bin/../lib/gcc/arm-none-eabi/13.2.1/../../../../arm-none-eabi/lib/thumb/v7e-m+dp/hard/libc_nano.a(libc_a-reallocr.o)
 .ARM.attributes